# Archive created by ttar -C pkg/collector/testdata -c -f pkg/collector/testdata/proc.ttar proc
Directory: proc
Mode: 775
# ttar - - - - - - - - - - - - - - - - - - - - - - - - - - - - - - - - - - - -
Directory: proc/26231
Mode: 775
# ttar - - - - - - - - - - - - - - - - - - - - - - - - - - - - - - - - - - - -
Path: proc/26231/cmdline
Lines: 1
vimNULLBYTEtest.goNULLBYTE+10NULLBYTEEOF
Mode: 644
# ttar - - - - - - - - - - - - - - - - - - - - - - - - - - - - - - - - - - - -
Path: proc/26231/comm
Lines: 1
vim
Mode: 644
# ttar - - - - - - - - - - - - - - - - - - - - - - - - - - - - - - - - - - - -
Path: proc/26231/cwd
SymlinkTo: /usr/bin
# ttar - - - - - - - - - - - - - - - - - - - - - - - - - - - - - - - - - - - -
Path: proc/26231/environ
Lines: 1
PATH=/go/bin:/usr/local/go/bin:/usr/local/sbin:/usr/local/bin:/usr/sbin:/usr/bin:/sbin:/binNULLBYTEHOSTNAME=cd24e11f73a5NULLBYTETERM=xtermNULLBYTEGOLANG_VERSION=1.12.5NULLBYTEGOPATH=/goNULLBYTEHOME=/rootNULLBYTEEOF
Mode: 644
# ttar - - - - - - - - - - - - - - - - - - - - - - - - - - - - - - - - - - - -
Path: proc/26231/exe
SymlinkTo: /usr/bin/vim
# ttar - - - - - - - - - - - - - - - - - - - - - - - - - - - - - - - - - - - -
Directory: proc/26231/fd
Mode: 775
# ttar - - - - - - - - - - - - - - - - - - - - - - - - - - - - - - - - - - - -
Path: proc/26231/fd/0
SymlinkTo: ../../symlinktargets/abc
# ttar - - - - - - - - - - - - - - - - - - - - - - - - - - - - - - - - - - - -
Path: proc/26231/fd/1
SymlinkTo: ../../symlinktargets/def
# ttar - - - - - - - - - - - - - - - - - - - - - - - - - - - - - - - - - - - -
Path: proc/26231/fd/10
SymlinkTo: ../../symlinktargets/xyz
# ttar - - - - - - - - - - - - - - - - - - - - - - - - - - - - - - - - - - - -
Path: proc/26231/fd/2
SymlinkTo: ../../symlinktargets/ghi
# ttar - - - - - - - - - - - - - - - - - - - - - - - - - - - - - - - - - - - -
Path: proc/26231/fd/3
SymlinkTo: ../../symlinktargets/uvw
# ttar - - - - - - - - - - - - - - - - - - - - - - - - - - - - - - - - - - - -
Directory: proc/26231/fdinfo
Mode: 775
# ttar - - - - - - - - - - - - - - - - - - - - - - - - - - - - - - - - - - - -
Path: proc/26231/fdinfo/0
Lines: 6
pos:	0
flags:	02004000
mnt_id:	13
inotify wd:3 ino:1 sdev:34 mask:fce ignored_mask:0 fhandle-bytes:c fhandle-type:81 f_handle:000000000100000000000000
inotify wd:2 ino:1300016 sdev:fd00002 mask:fce ignored_mask:0 fhandle-bytes:8 fhandle-type:1 f_handle:16003001ed3f022a
inotify wd:1 ino:2e0001 sdev:fd00000 mask:fce ignored_mask:0 fhandle-bytes:8 fhandle-type:1 f_handle:01002e00138e7c65
Mode: 644
# ttar - - - - - - - - - - - - - - - - - - - - - - - - - - - - - - - - - - - -
Path: proc/26231/fdinfo/1
Lines: 4
pos:	0
flags:	02004002
mnt_id:	13
eventfd-count:                0
Mode: 644
# ttar - - - - - - - - - - - - - - - - - - - - - - - - - - - - - - - - - - - -
Path: proc/26231/fdinfo/10
Lines: 3
pos:	0
flags:	02004002
mnt_id:	9
Mode: 400
# ttar - - - - - - - - - - - - - - - - - - - - - - - - - - - - - - - - - - - -
Path: proc/26231/fdinfo/2
Lines: 3
pos:	0
flags:	02004002
mnt_id:	9
Mode: 400
# ttar - - - - - - - - - - - - - - - - - - - - - - - - - - - - - - - - - - - -
Path: proc/26231/fdinfo/3
Lines: 3
pos:	0
flags:	02004002
mnt_id:	9
Mode: 400
# ttar - - - - - - - - - - - - - - - - - - - - - - - - - - - - - - - - - - - -
Path: proc/26231/interrupts
Lines: 49
           CPU0       CPU1       CPU2       CPU3
  0:         49          0          0          0   IO-APIC   2-edge      timer
  1:          0          0          0          9   IO-APIC   1-edge      i8042
  4:          0       1443          0          0   IO-APIC   4-edge      ttyS0
  8:          1          0          0          0   IO-APIC   8-edge      rtc0
  9:          0          0          0          0   IO-APIC   9-fasteoi   acpi
 12:          0          0        144          0   IO-APIC  12-edge      i8042
 22:          0          0          0          5   IO-APIC  22-fasteoi   virtio1
 24:          0          0          0          0   PCI-MSI 114688-edge      virtio5-config
 25:       1800          0          0          0   PCI-MSI 114689-edge      virtio5-req.0
 26:          0       1469          0          0   PCI-MSI 114690-edge      virtio5-req.1
 27:          0          0       2654          0   PCI-MSI 114691-edge      virtio5-req.2
 28:          0          0          0       1989   PCI-MSI 114692-edge      virtio5-req.3
 29:       1362          0          0        934   PCI-MSI 512000-edge      ahci[0000:00:1f.2]
 30:          0          0          0          0   PCI-MSI 98304-edge      xhci_hcd
 31:          0          0          0          0   PCI-MSI 98305-edge      xhci_hcd
 32:          0          0          0          0   PCI-MSI 98306-edge      xhci_hcd
 33:          0          0          0          0   PCI-MSI 98307-edge      xhci_hcd
 34:          0          0          0          0   PCI-MSI 98308-edge      xhci_hcd
 35:          0          0          0          0   PCI-MSI 16384-edge      virtio0-config
 36:          0        335         37          0   PCI-MSI 16385-edge      virtio0-input.0
 37:          0          0          0        318   PCI-MSI 16386-edge      virtio0-output.0
 38:          0          0          0          0   PCI-MSI 49152-edge      virtio2-config
 39:       1243        178          0          0   PCI-MSI 49153-edge      virtio2-control
 40:          0          0          0          0   PCI-MSI 49154-edge      virtio2-cursor
 41:          0          0          0          0   PCI-MSI 65536-edge      virtio3-config
 42:          0          0          0          0   PCI-MSI 65537-edge      virtio3-virtqueues
 43:          0          0          0          0   PCI-MSI 81920-edge      virtio4-config
 44:          0          0          0          0   PCI-MSI 81921-edge      virtio4-virtqueues
NMI:          0          0          0          0   Non-maskable interrupts
LOC:      10196       7429       8542       8229   Local timer interrupts
SPU:          0          0          0          0   Spurious interrupts
PMI:          0          0          0          0   Performance monitoring interrupts
IWI:          0          3         11          6   IRQ work interrupts
RTR:          0          0          0          0   APIC ICR read retries
RES:       7997      11147      10898      12675   Rescheduling interrupts
CAL:       2761       2485       1787       2367   Function call interrupts
TLB:        212        137        158        231   TLB shootdowns
TRM:          0          0          0          0   Thermal event interrupts
THR:          0          0          0          0   Threshold APIC interrupts
DFR:          0          0          0          0   Deferred Error APIC interrupts
MCE:          0          0          0          0   Machine check exceptions
MCP:          1          1          1          1   Machine check polls
ERR:          0
MIS:          0

PIN:          0          0          0          0   Posted-interrupt notification event
NPI:          0          0          0          0   Nested posted-interrupt event
PIW:          0          0          0          0   Posted-interrupt wakeup event
Mode: 644
# ttar - - - - - - - - - - - - - - - - - - - - - - - - - - - - - - - - - - - -
Path: proc/26231/io
Lines: 7
rchar: 750339
wchar: 818609
syscr: 7405
syscw: 5245
read_bytes: 1024
write_bytes: 2048
cancelled_write_bytes: -1024
Mode: 644
# ttar - - - - - - - - - - - - - - - - - - - - - - - - - - - - - - - - - - - -
Path: proc/26231/limits
Lines: 17
Limit                     Soft Limit           Hard Limit           Units
Max cpu time              unlimited            unlimited            seconds
Max file size             unlimited            unlimited            bytes
Max data size             unlimited            unlimited            bytes
Max stack size            8388608              unlimited            bytes
Max core file size        0                    unlimited            bytes
Max resident set          unlimited            unlimited            bytes
Max processes             62898                62898                processes
Max open files            2048                 4096                 files
Max locked memory         18446744073708503040 18446744073708503040 bytes
Max address space         8589934592           unlimited            bytes
Max file locks            unlimited            unlimited            locks
Max pending signals       62898                62898                signals
Max msgqueue size         819200               819200               bytes
Max nice priority         0                    0
Max realtime priority     0                    0
Max realtime timeout      unlimited            unlimited            us
Mode: 644
# ttar - - - - - - - - - - - - - - - - - - - - - - - - - - - - - - - - - - - -
Path: proc/26231/mountstats
Lines: 20
device rootfs mounted on / with fstype rootfs
device sysfs mounted on /sys with fstype sysfs
device proc mounted on /proc with fstype proc
device /dev/sda1 mounted on / with fstype ext4
device 192.168.1.1:/srv/test mounted on /mnt/nfs/test with fstype nfs4 statvers=1.1
	opts:	rw,vers=4.0,rsize=1048576,wsize=1048576,namlen=255,acregmin=3,acregmax=60,acdirmin=30,acdirmax=60,hard,proto=tcp,port=0,timeo=600,retrans=2,sec=sys,mountaddr=192.168.1.1,clientaddr=192.168.1.5,local_lock=none
	age:	13968
	caps:	caps=0xfff7,wtmult=512,dtsize=32768,bsize=0,namlen=255
	nfsv4:	bm0=0xfdffafff,bm1=0xf9be3e,bm2=0x0,acl=0x0,pnfs=not configured
	sec:	flavor=1,pseudoflavor=1
	events:	52 226 0 0 1 13 398 0 0 331 0 47 0 0 77 0 0 77 0 0 0 0 0 0 0 0 0
	bytes:	1207640230 0 0 0 1210214218 0 295483 0
	RPC iostats version: 1.0  p/v: 100003/4 (nfs)
	xprt:	tcp 832 0 1 0 11 6428 6428 0 12154 0 24 26 5726
	per-op statistics
	        NULL: 0 0 0 0 0 0 0 0
	        READ: 1298 1298 0 207680 1210292152 6 79386 79407
	       WRITE: 0 0 0 0 0 0 0 0
	      ACCESS: 2927395007 2927394995 0 526931094212 362996810236 18446743919241604546 1667369447 1953587717

Mode: 644
# ttar - - - - - - - - - - - - - - - - - - - - - - - - - - - - - - - - - - - -
Directory: proc/26231/net
Mode: 775
# ttar - - - - - - - - - - - - - - - - - - - - - - - - - - - - - - - - - - - -
Path: proc/26231/net/dev
Lines: 4
Inter-|   Receive                                                |  Transmit
 face |bytes    packets errs drop fifo frame compressed multicast|bytes    packets errs drop fifo colls carrier compressed
    lo:       0       0    0    0    0     0          0         0        0       0    0    0    0     0       0          0
  eth0:     438       5    0    0    0     0          0         0      648       8    0    0    0     0       0          0
Mode: 644
# ttar - - - - - - - - - - - - - - - - - - - - - - - - - - - - - - - - - - - -
Path: proc/26231/net/netstat
Lines: 4
TcpExt: SyncookiesSent SyncookiesRecv SyncookiesFailed EmbryonicRsts PruneCalled RcvPruned OfoPruned OutOfWindowIcmps LockDroppedIcmps ArpFilter TW TWRecycled TWKilled PAWSActive PAWSEstab DelayedACKs DelayedACKLocked DelayedACKLost ListenOverflows ListenDrops TCPHPHits TCPPureAcks TCPHPAcks TCPRenoRecovery TCPSackRecovery TCPSACKReneging TCPSACKReorder TCPRenoReorder TCPTSReorder TCPFullUndo TCPPartialUndo TCPDSACKUndo TCPLossUndo TCPLostRetransmit TCPRenoFailures TCPSackFailures TCPLossFailures TCPFastRetrans TCPSlowStartRetrans TCPTimeouts TCPLossProbes TCPLossProbeRecovery TCPRenoRecoveryFail TCPSackRecoveryFail TCPRcvCollapsed TCPDSACKOldSent TCPDSACKOfoSent TCPDSACKRecv TCPDSACKOfoRecv TCPAbortOnData TCPAbortOnClose TCPAbortOnMemory TCPAbortOnTimeout TCPAbortOnLinger TCPAbortFailed TCPMemoryPressures TCPMemoryPressuresChrono TCPSACKDiscard TCPDSACKIgnoredOld TCPDSACKIgnoredNoUndo TCPSpuriousRTOs TCPMD5NotFound TCPMD5Unexpected TCPMD5Failure TCPSackShifted TCPSackMerged TCPSackShiftFallback TCPBacklogDrop PFMemallocDrop TCPMinTTLDrop TCPDeferAcceptDrop IPReversePathFilter TCPTimeWaitOverflow TCPReqQFullDoCookies TCPReqQFullDrop TCPRetransFail TCPRcvCoalesce TCPRcvQDrop TCPOFOQueue TCPOFODrop TCPOFOMerge TCPChallengeACK TCPSYNChallenge TCPFastOpenActive TCPFastOpenActiveFail TCPFastOpenPassive TCPFastOpenPassiveFail TCPFastOpenListenOverflow TCPFastOpenCookieReqd TCPFastOpenBlackhole TCPSpuriousRtxHostQueues BusyPollRxPackets TCPAutoCorking TCPFromZeroWindowAdv TCPToZeroWindowAdv TCPWantZeroWindowAdv TCPSynRetrans TCPOrigDataSent TCPHystartTrainDetect TCPHystartTrainCwnd TCPHystartDelayDetect TCPHystartDelayCwnd TCPACKSkippedSynRecv TCPACKSkippedPAWS TCPACKSkippedSeq TCPACKSkippedFinWait2 TCPACKSkippedTimeWait TCPACKSkippedChallenge TCPWinProbe TCPKeepAlive TCPMTUPFail TCPMTUPSuccess TCPWqueueTooBig
TcpExt: 0 0 0 1 0 0 0 0 0 0 83 0 0 0 3640 287 1 7460 0 0 134193 1335 829 0 4 0 1 0 0 0 0 1 19 0 0 0 0 0 3 0 32 100 4 0 0 0 7460 2421 49 1 62 6 0 23 0 7 0 0 0 0 19 2 0 0 0 0 0 6 0 0 0 0 3 0 0 0 0 92425 65515 0 2421 4 4 0 0 0 0 0 0 0 0 0 10 0 0 0 16 2221 0 0 2 45 0 0 3 0 0 0 0 456 0 0 0
IpExt: InNoRoutes InTruncatedPkts InMcastPkts OutMcastPkts InBcastPkts OutBcastPkts InOctets OutOctets InMcastOctets OutMcastOctets InBcastOctets OutBcastOctets InCsumErrors InNoECTPkts InECT1Pkts InECT0Pkts InCEPkts ReasmOverlaps
IpExt: 0 0 208 214 118 111 190585481 7512674 26093 25903 14546 13628 0 134215 0 0 0 0
Mode: 644
# ttar - - - - - - - - - - - - - - - - - - - - - - - - - - - - - - - - - - - -
Path: proc/26231/net/snmp
Lines: 12
Ip: Forwarding DefaultTTL InReceives InHdrErrors InAddrErrors ForwDatagrams InUnknownProtos InDiscards InDelivers OutRequests OutDiscards OutNoRoutes ReasmTimeout ReasmReqds ReasmOKs ReasmFails FragOKs FragFails FragCreates
Ip: 2 64 594223 0 1 0 0 0 593186 547253 20 231 0 0 0 0 0 0 0
Icmp: InMsgs InErrors InCsumErrors InDestUnreachs InTimeExcds InParmProbs InSrcQuenchs InRedirects InEchos InEchoReps InTimestamps InTimestampReps InAddrMasks InAddrMaskReps OutMsgs OutErrors OutDestUnreachs OutTimeExcds OutParmProbs OutSrcQuenchs OutRedirects OutEchos OutEchoReps OutTimestamps OutTimestampReps OutAddrMasks OutAddrMaskReps
Icmp: 45 1 0 45 0 0 0 0 0 0 0 0 0 0 50 0 50 0 0 0 0 0 0 0 0 0 0
IcmpMsg: InType3 OutType3
IcmpMsg: 45 50
Tcp: RtoAlgorithm RtoMin RtoMax MaxConn ActiveOpens PassiveOpens AttemptFails EstabResets CurrEstab InSegs OutSegs RetransSegs InErrs OutRsts InCsumErrors
Tcp: 1 200 120000 -1 1103 9 8 51 15 653161 594855 348 98 1038 0
Udp: InDatagrams NoPorts InErrors OutDatagrams RcvbufErrors SndbufErrors InCsumErrors IgnoredMulti
Udp: 10179 50 0 9846 0 0 0 58
UdpLite: InDatagrams NoPorts InErrors OutDatagrams RcvbufErrors SndbufErrors InCsumErrors IgnoredMulti
UdpLite: 0 0 0 0 0 0 0 0
Mode: 644
# ttar - - - - - - - - - - - - - - - - - - - - - - - - - - - - - - - - - - - -
Path: proc/26231/net/snmp6
Lines: 92
Ip6InReceives                   	92166
Ip6InHdrErrors                  	0
Ip6InTooBigErrors               	0
Ip6InNoRoutes                   	0
Ip6InAddrErrors                 	0
Ip6InUnknownProtos              	0
Ip6InTruncatedPkts              	0
Ip6InDiscards                   	0
Ip6InDelivers                   	92053
Ip6OutForwDatagrams             	0
Ip6OutRequests                  	57502
Ip6OutDiscards                  	0
Ip6OutNoRoutes                  	169
Ip6ReasmTimeout                 	0
Ip6ReasmReqds                   	0
Ip6ReasmOKs                     	0
Ip6ReasmFails                   	0
Ip6FragOKs                      	0
Ip6FragFails                    	0
Ip6FragCreates                  	0
Ip6InMcastPkts                  	381
Ip6OutMcastPkts                 	148
Ip6InOctets                     	113479132
Ip6OutOctets                    	9842685
Ip6InMcastOctets                	65971
Ip6OutMcastOctets               	19394
Ip6InBcastOctets                	0
Ip6OutBcastOctets               	0
Ip6InNoECTPkts                  	92166
Ip6InECT1Pkts                   	0
Ip6InECT0Pkts                   	0
Ip6InCEPkts                     	0
Icmp6InMsgs                     	142
Icmp6InErrors                   	0
Icmp6OutMsgs                    	58
Icmp6OutErrors                  	0
Icmp6InCsumErrors               	0
Icmp6InDestUnreachs             	2
Icmp6InPktTooBigs               	0
Icmp6InTimeExcds                	0
Icmp6InParmProblems             	0
Icmp6InEchos                    	0
Icmp6InEchoReplies              	0
Icmp6InGroupMembQueries         	0
Icmp6InGroupMembResponses       	0
Icmp6InGroupMembReductions      	0
Icmp6InRouterSolicits           	0
Icmp6InRouterAdvertisements     	111
Icmp6InNeighborSolicits         	26
Icmp6InNeighborAdvertisements   	1
Icmp6InRedirects                	0
Icmp6InMLDv2Reports             	2
Icmp6OutDestUnreachs            	0
Icmp6OutPktTooBigs              	0
Icmp6OutTimeExcds               	0
Icmp6OutParmProblems            	0
Icmp6OutEchos                   	0
Icmp6OutEchoReplies             	0
Icmp6OutGroupMembQueries        	0
Icmp6OutGroupMembResponses      	0
Icmp6OutGroupMembReductions     	0
Icmp6OutRouterSolicits          	2
Icmp6OutRouterAdvertisements    	0
Icmp6OutNeighborSolicits        	5
Icmp6OutNeighborAdvertisements  	26
Icmp6OutRedirects               	0
Icmp6OutMLDv2Reports            	25
Icmp6InType1                    	2
Icmp6InType134                  	111
Icmp6InType135                  	26
Icmp6InType136                  	1
Icmp6InType143                  	2
Icmp6OutType133                 	2
Icmp6OutType135                 	5
Icmp6OutType136                 	26
Icmp6OutType143                 	25
Udp6InDatagrams                 	2016
Udp6NoPorts                     	0
Udp6InErrors                    	0
Udp6OutDatagrams                	1546
Udp6RcvbufErrors                	0
Udp6SndbufErrors                	0
Udp6InCsumErrors                	0
Udp6IgnoredMulti                	12
UdpLite6InDatagrams             	0
UdpLite6NoPorts                 	0
UdpLite6InErrors                	0
UdpLite6OutDatagrams            	0
UdpLite6RcvbufErrors            	0
UdpLite6SndbufErrors            	0
UdpLite6InCsumErrors            	0
Mode: 644
Mode: 664
# ttar - - - - - - - - - - - - - - - - - - - - - - - - - - - - - - - - - - - -
Directory: proc/26231/ns
Mode: 775
# ttar - - - - - - - - - - - - - - - - - - - - - - - - - - - - - - - - - - - -
Path: proc/26231/ns/mnt
SymlinkTo: mnt:[4026531840]
# ttar - - - - - - - - - - - - - - - - - - - - - - - - - - - - - - - - - - - -
Path: proc/26231/ns/net
SymlinkTo: net:[4026531993]
# ttar - - - - - - - - - - - - - - - - - - - - - - - - - - - - - - - - - - - -
Path: proc/26231/root
SymlinkTo: /
# ttar - - - - - - - - - - - - - - - - - - - - - - - - - - - - - - - - - - - -
Path: proc/26231/schedstat
Lines: 1
411605849 93680043 79
Mode: 644
# ttar - - - - - - - - - - - - - - - - - - - - - - - - - - - - - - - - - - - -
Path: proc/26231/smaps
Lines: 252
00400000-00cb1000 r-xp 00000000 fd:01 952273                             /bin/alertmanager
Size:               8900 kB
KernelPageSize:        4 kB
MMUPageSize:           4 kB
Rss:                2952 kB
Pss:                2952 kB
Shared_Clean:          0 kB
Shared_Dirty:          0 kB
Private_Clean:      2952 kB
Private_Dirty:         0 kB
Referenced:         2864 kB
Anonymous:             0 kB
LazyFree:              0 kB
AnonHugePages:         0 kB
ShmemPmdMapped:        0 kB
Shared_Hugetlb:        0 kB
Private_Hugetlb:       0 kB
Swap:                  0 kB
SwapPss:               0 kB
Locked:                0 kB
VmFlags: rd ex mr mw me dw sd 
00cb1000-016b0000 r--p 008b1000 fd:01 952273                             /bin/alertmanager
Size:              10236 kB
KernelPageSize:        4 kB
MMUPageSize:           4 kB
Rss:                6152 kB
Pss:                6152 kB
Shared_Clean:          0 kB
Shared_Dirty:          0 kB
Private_Clean:      6152 kB
Private_Dirty:         0 kB
Referenced:         5308 kB
Anonymous:             0 kB
LazyFree:              0 kB
AnonHugePages:         0 kB
ShmemPmdMapped:        0 kB
Shared_Hugetlb:        0 kB
Private_Hugetlb:       0 kB
Swap:                  0 kB
SwapPss:               0 kB
Locked:                0 kB
VmFlags: rd mr mw me dw sd 
016b0000-0171a000 rw-p 012b0000 fd:01 952273                             /bin/alertmanager
Size:                424 kB
KernelPageSize:        4 kB
MMUPageSize:           4 kB
Rss:                 176 kB
Pss:                 176 kB
Shared_Clean:          0 kB
Shared_Dirty:          0 kB
Private_Clean:        84 kB
Private_Dirty:        92 kB
Referenced:          176 kB
Anonymous:            92 kB
LazyFree:              0 kB
AnonHugePages:         0 kB
ShmemPmdMapped:        0 kB
Shared_Hugetlb:        0 kB
Private_Hugetlb:       0 kB
Swap:                 12 kB
SwapPss:              12 kB
Locked:                0 kB
VmFlags: rd wr mr mw me dw ac sd 
0171a000-0173f000 rw-p 00000000 00:00 0 
Size:                148 kB
KernelPageSize:        4 kB
MMUPageSize:           4 kB
Rss:                  76 kB
Pss:                  76 kB
Shared_Clean:          0 kB
Shared_Dirty:          0 kB
Private_Clean:         0 kB
Private_Dirty:        76 kB
Referenced:           76 kB
Anonymous:            76 kB
LazyFree:              0 kB
AnonHugePages:         0 kB
ShmemPmdMapped:        0 kB
Shared_Hugetlb:        0 kB
Private_Hugetlb:       0 kB
Swap:                  0 kB
SwapPss:               0 kB
Locked:                0 kB
VmFlags: rd wr mr mw me ac sd 
c000000000-c000400000 rw-p 00000000 00:00 0 
Size:               4096 kB
KernelPageSize:        4 kB
MMUPageSize:           4 kB
Rss:                2564 kB
Pss:                2564 kB
Shared_Clean:          0 kB
Shared_Dirty:          0 kB
Private_Clean:        20 kB
Private_Dirty:      2544 kB
Referenced:         2544 kB
Anonymous:          2564 kB
LazyFree:              0 kB
AnonHugePages:         0 kB
ShmemPmdMapped:        0 kB
Shared_Hugetlb:        0 kB
Private_Hugetlb:       0 kB
Swap:               1100 kB
SwapPss:            1100 kB
Locked:                0 kB
VmFlags: rd wr mr mw me ac sd 
c000400000-c001600000 rw-p 00000000 00:00 0 
Size:              18432 kB
KernelPageSize:        4 kB
MMUPageSize:           4 kB
Rss:               16024 kB
Pss:               16024 kB
Shared_Clean:          0 kB
Shared_Dirty:          0 kB
Private_Clean:      5864 kB
Private_Dirty:     10160 kB
Referenced:        11944 kB
Anonymous:         16024 kB
LazyFree:           5848 kB
AnonHugePages:         0 kB
ShmemPmdMapped:        0 kB
Shared_Hugetlb:        0 kB
Private_Hugetlb:       0 kB
Swap:                440 kB
SwapPss:             440 kB
Locked:                0 kB
VmFlags: rd wr mr mw me ac sd nh 
c001600000-c004000000 rw-p 00000000 00:00 0 
Size:              43008 kB
KernelPageSize:        4 kB
MMUPageSize:           4 kB
Rss:                   0 kB
Pss:                   0 kB
Shared_Clean:          0 kB
Shared_Dirty:          0 kB
Private_Clean:         0 kB
Private_Dirty:         0 kB
Referenced:            0 kB
Anonymous:             0 kB
LazyFree:              0 kB
AnonHugePages:         0 kB
ShmemPmdMapped:        0 kB
Shared_Hugetlb:        0 kB
Private_Hugetlb:       0 kB
Swap:                  0 kB
SwapPss:               0 kB
Locked:                0 kB
VmFlags: rd wr mr mw me ac sd 
7f0ab95ca000-7f0abbb7b000 rw-p 00000000 00:00 0 
Size:              38596 kB
KernelPageSize:        4 kB
MMUPageSize:           4 kB
Rss:                1992 kB
Pss:                1992 kB
Shared_Clean:          0 kB
Shared_Dirty:          0 kB
Private_Clean:       476 kB
Private_Dirty:      1516 kB
Referenced:         1828 kB
Anonymous:          1992 kB
LazyFree:              0 kB
AnonHugePages:         0 kB
ShmemPmdMapped:        0 kB
Shared_Hugetlb:        0 kB
Private_Hugetlb:       0 kB
Swap:                384 kB
SwapPss:             384 kB
Locked:                0 kB
VmFlags: rd wr mr mw me ac sd 
7ffc07ecf000-7ffc07ef0000 rw-p 00000000 00:00 0                          [stack]
Size:                132 kB
KernelPageSize:        4 kB
MMUPageSize:           4 kB
Rss:                   8 kB
Pss:                   8 kB
Shared_Clean:          0 kB
Shared_Dirty:          0 kB
Private_Clean:         0 kB
Private_Dirty:         8 kB
Referenced:            8 kB
Anonymous:             8 kB
LazyFree:              0 kB
AnonHugePages:         0 kB
ShmemPmdMapped:        0 kB
Shared_Hugetlb:        0 kB
Private_Hugetlb:       0 kB
Swap:                  4 kB
SwapPss:               4 kB
Locked:                0 kB
VmFlags: rd wr mr mw me gd ac 
7ffc07f9e000-7ffc07fa1000 r--p 00000000 00:00 0                          [vvar]
Size:                 12 kB
KernelPageSize:        4 kB
MMUPageSize:           4 kB
Rss:                   0 kB
Pss:                   0 kB
Shared_Clean:          0 kB
Shared_Dirty:          0 kB
Private_Clean:         0 kB
Private_Dirty:         0 kB
Referenced:            0 kB
Anonymous:             0 kB
LazyFree:              0 kB
AnonHugePages:         0 kB
ShmemPmdMapped:        0 kB
Shared_Hugetlb:        0 kB
Private_Hugetlb:       0 kB
Swap:                  0 kB
SwapPss:               0 kB
Locked:                0 kB
VmFlags: rd mr pf io de dd sd 
7ffc07fa1000-7ffc07fa3000 r-xp 00000000 00:00 0                          [vdso]
Size:                  8 kB
KernelPageSize:        4 kB
MMUPageSize:           4 kB
Rss:                   4 kB
Pss:                   0 kB
Shared_Clean:          4 kB
Shared_Dirty:          0 kB
Private_Clean:         0 kB
Private_Dirty:         0 kB
Referenced:            4 kB
Anonymous:             0 kB
LazyFree:              0 kB
AnonHugePages:         0 kB
ShmemPmdMapped:        0 kB
Shared_Hugetlb:        0 kB
Private_Hugetlb:       0 kB
Swap:                  0 kB
SwapPss:               0 kB
Locked:                0 kB
VmFlags: rd ex mr mw me de sd 
ffffffffff600000-ffffffffff601000 r-xp 00000000 00:00 0                  [vsyscall]
Size:                  4 kB
KernelPageSize:        4 kB
MMUPageSize:           4 kB
Rss:                   0 kB
Pss:                   0 kB
Shared_Clean:          0 kB
Shared_Dirty:          0 kB
Private_Clean:         0 kB
Private_Dirty:         0 kB
Referenced:            0 kB
Anonymous:             0 kB
LazyFree:              0 kB
AnonHugePages:         0 kB
ShmemPmdMapped:        0 kB
Shared_Hugetlb:        0 kB
Private_Hugetlb:       0 kB
Swap:                  0 kB
SwapPss:               0 kB
Locked:                0 kB
VmFlags: rd ex 
Mode: 644
# ttar - - - - - - - - - - - - - - - - - - - - - - - - - - - - - - - - - - - -
Path: proc/26231/smaps_rollup
Lines: 17
00400000-ffffffffff601000 ---p 00000000 00:00 0                          [rollup]
Rss:               29948 kB
Pss:               29944 kB
Shared_Clean:          4 kB
Shared_Dirty:          0 kB
Private_Clean:     15548 kB
Private_Dirty:     14396 kB
Referenced:        24752 kB
Anonymous:         20756 kB
LazyFree:           5848 kB
AnonHugePages:         0 kB
ShmemPmdMapped:        0 kB
Shared_Hugetlb:        0 kB
Private_Hugetlb:       0 kB
Swap:               1940 kB
SwapPss:            1940 kB
Locked:                0 kB
Mode: 644
# ttar - - - - - - - - - - - - - - - - - - - - - - - - - - - - - - - - - - - -
Path: proc/26231/stat
Lines: 1
26231 (vim) R 5392 7446 5392 34835 7446 4218880 32533 309516 26 82 1677 44 158 99 20 0 1 0 82375 56274944 1981 18446744073709551615 4194304 6294284 140736914091744 140736914087944 139965136429984 0 0 12288 1870679807 0 0 0 17 0 0 0 31 0 0 8391624 8481048 16420864 140736914093252 140736914093279 140736914093279 140736914096107 0
Mode: 644
# ttar - - - - - - - - - - - - - - - - - - - - - - - - - - - - - - - - - - - -
Path: proc/26231/status
Lines: 53

Name:	prometheus
Umask:	0022
State:	S (sleeping)
Tgid:	26231
Ngid:	0
Pid:	26231
PPid:	1
TracerPid:	0
Uid:	1000	1000	1000	0
Gid:	1001	1001	1001	0
FDSize:	128
Groups:
NStgid:	1
NSpid:	1
NSpgid:	1
NSsid:	1
VmPeak:	   58472 kB
VmSize:	   58440 kB
VmLck:	       0 kB
VmPin:	       0 kB
VmHWM:	    8028 kB
VmRSS:	    6716 kB
RssAnon:	    2092 kB
RssFile:	    4624 kB
RssShmem:	       0 kB
VmData:	    2580 kB
VmStk:	     136 kB
VmExe:	     948 kB
VmLib:	    6816 kB
VmPTE:	     128 kB
VmPMD:	      12 kB
VmSwap:	     660 kB
HugetlbPages:	       0 kB
Threads:	1
SigQ:	8/63965
SigPnd:	0000000000000000
ShdPnd:	0000000000000000
SigBlk:	7be3c0fe28014a03
SigIgn:	0000000000001000
SigCgt:	00000001800004ec
CapInh:	0000000000000000
CapPrm:	0000003fffffffff
CapEff:	0000003fffffffff
CapBnd:	0000003fffffffff
CapAmb:	0000000000000000
Seccomp:	0
Cpus_allowed:	ff
Cpus_allowed_list:	0-7
Mems_allowed:	00000000,00000001
Mems_allowed_list:	0
voluntary_ctxt_switches:	4742839
nonvoluntary_ctxt_switches:	1727500
Mode: 644
# ttar - - - - - - - - - - - - - - - - - - - - - - - - - - - - - - - - - - - -
Path: proc/26231/wchan
Lines: 1
poll_schedule_timeoutEOF
Mode: 664
# ttar - - - - - - - - - - - - - - - - - - - - - - - - - - - - - - - - - - - -
Directory: proc/26232
Mode: 775
# ttar - - - - - - - - - - - - - - - - - - - - - - - - - - - - - - - - - - - -
Path: proc/26232/cmdline
Lines: 0
Mode: 644
# ttar - - - - - - - - - - - - - - - - - - - - - - - - - - - - - - - - - - - -
Path: proc/26232/comm
Lines: 1
ata_sff
Mode: 644
# ttar - - - - - - - - - - - - - - - - - - - - - - - - - - - - - - - - - - - -
Path: proc/26232/cwd
SymlinkTo: /does/not/exist
# ttar - - - - - - - - - - - - - - - - - - - - - - - - - - - - - - - - - - - -
Directory: proc/26232/fd
Mode: 775
# ttar - - - - - - - - - - - - - - - - - - - - - - - - - - - - - - - - - - - -
Path: proc/26232/fd/0
SymlinkTo: ../../symlinktargets/abc
# ttar - - - - - - - - - - - - - - - - - - - - - - - - - - - - - - - - - - - -
Path: proc/26232/fd/1
SymlinkTo: ../../symlinktargets/def
# ttar - - - - - - - - - - - - - - - - - - - - - - - - - - - - - - - - - - - -
Path: proc/26232/fd/2
SymlinkTo: ../../symlinktargets/ghi
# ttar - - - - - - - - - - - - - - - - - - - - - - - - - - - - - - - - - - - -
Path: proc/26232/fd/3
SymlinkTo: ../../symlinktargets/uvw
# ttar - - - - - - - - - - - - - - - - - - - - - - - - - - - - - - - - - - - -
Path: proc/26232/fd/4
SymlinkTo: ../../symlinktargets/xyz
# ttar - - - - - - - - - - - - - - - - - - - - - - - - - - - - - - - - - - - -
Path: proc/26232/limits
Lines: 17
Limit                     Soft Limit           Hard Limit           Units
Max cpu time              unlimited            unlimited            seconds
Max file size             unlimited            unlimited            bytes
Max data size             unlimited            unlimited            bytes
Max stack size            8388608              unlimited            bytes
Max core file size        0                    unlimited            bytes
Max resident set          unlimited            unlimited            bytes
Max processes             29436                29436                processes
Max open files            1024                 4096                 files
Max locked memory         65536                65536                bytes
Max address space         unlimited            unlimited            bytes
Max file locks            unlimited            unlimited            locks
Max pending signals       29436                29436                signals
Max msgqueue size         819200               819200               bytes
Max nice priority         0                    0
Max realtime priority     0                    0
Max realtime timeout      unlimited            unlimited            us
Mode: 644
# ttar - - - - - - - - - - - - - - - - - - - - - - - - - - - - - - - - - - - -
Path: proc/26232/maps
Lines: 9
55680ae1e000-55680ae20000 r--p 00000000 fd:01 47316994                   /bin/cat
55680ae29000-55680ae2a000 rwxs 0000a000 fd:01 47316994                   /bin/cat
55680bed6000-55680bef7000 rw-p 00000000 00:00 0                          [heap]
7fdf964fc000-7fdf973f2000 r--p 00000000 fd:01 17432624                   /usr/lib/locale/locale-archive
7fdf973f2000-7fdf97417000 r--p 00000000 fd:01 60571062                   /lib/x86_64-linux-gnu/libc-2.29.so
7ffe9215c000-7ffe9217f000 rw-p 00000000 00:00 0                          [stack]
7ffe921da000-7ffe921dd000 r--p 00000000 00:00 0                          [vvar]
7ffe921dd000-7ffe921de000 r-xp 00000000 00:00 0                          [vdso]
ffffffffff600000-ffffffffff601000 --xp 00000000 00:00 0                  [vsyscall]
Mode: 644
# ttar - - - - - - - - - - - - - - - - - - - - - - - - - - - - - - - - - - - -
Path: proc/26232/root
SymlinkTo: /does/not/exist
# ttar - - - - - - - - - - - - - - - - - - - - - - - - - - - - - - - - - - - -
Path: proc/26232/stat
Lines: 1
33 (ata_sff) S 2 0 0 0 -1 69238880 0 0 0 0 0 0 -9223372036854775808 9223372036854775807 0 -20 1 0 5 0 0 18446744073709551615 0 0 0 0 0 0 0 2147483647 0 18446744073709551615 0 0 -9223372036854775808 9223372036854775807 0 0 0 0 0 0 0 0 0 0 0 0 0
Mode: 644
# ttar - - - - - - - - - - - - - - - - - - - - - - - - - - - - - - - - - - - -
Path: proc/26232/wchan
Lines: 1
0EOF
Mode: 664
# ttar - - - - - - - - - - - - - - - - - - - - - - - - - - - - - - - - - - - -
Directory: proc/26233
Mode: 775
# ttar - - - - - - - - - - - - - - - - - - - - - - - - - - - - - - - - - - - -
Path: proc/26233/cmdline
Lines: 1
com.github.uiautomatorNULLBYTENULLBYTENULLBYTENULLBYTENULLBYTENULLBYTENULLBYTENULLBYTENULLBYTENULLBYTENULLBYTENULLBYTENULLBYTENULLBYTENULLBYTENULLBYTENULLBYTENULLBYTENULLBYTENULLBYTENULLBYTENULLBYTENULLBYTENULLBYTENULLBYTENULLBYTENULLBYTENULLBYTENULLBYTENULLBYTENULLBYTENULLBYTENULLBYTENULLBYTENULLBYTENULLBYTENULLBYTENULLBYTENULLBYTENULLBYTENULLBYTENULLBYTENULLBYTENULLBYTENULLBYTENULLBYTENULLBYTENULLBYTENULLBYTENULLBYTENULLBYTENULLBYTENULLBYTENULLBYTENULLBYTENULLBYTENULLBYTENULLBYTENULLBYTENULLBYTENULLBYTENULLBYTENULLBYTENULLBYTENULLBYTENULLBYTENULLBYTENULLBYTENULLBYTENULLBYTENULLBYTENULLBYTENULLBYTENULLBYTENULLBYTENULLBYTENULLBYTEEOF
Mode: 644
# ttar - - - - - - - - - - - - - - - - - - - - - - - - - - - - - - - - - - - -
Path: proc/26233/schedstat
Lines: 8
 ____________________________________
< this is a malformed schedstat file >
 ------------------------------------
        \   ^__^
         \  (oo)\_______
            (__)\       )\/\
                ||----w |
                ||     ||
Mode: 644
# ttar - - - - - - - - - - - - - - - - - - - - - - - - - - - - - - - - - - - -
Directory: proc/26234
Mode: 775
# ttar - - - - - - - - - - - - - - - - - - - - - - - - - - - - - - - - - - - -
Path: proc/26234/maps
Lines: 4
08048000-08089000 r-xp 00000000 03:01 104219 /bin/tcsh
08089000-0808c000 rw-p 00041000 03:01 104219 /bin/tcsh
0808c000-08146000 rwxp 00000000 00:00 0
40000000-40015000 r-xp 00000000 03:01 61874 /lib/ld-2.3.2.so
Mode: 644
# ttar - - - - - - - - - - - - - - - - - - - - - - - - - - - - - - - - - - - -
Directory: proc/26235
Mode: 775
# ttar - - - - - - - - - - - - - - - - - - - - - - - - - - - - - - - - - - - -
Path: proc/26235/status
Lines: 51
Name:   kube-proxy
Umask:  0022
State:  S (sleeping)
Tgid:   26235
Ngid:   12345
Pid:    26235
PPid:   1234
TracerPid:      0
Uid:    0       0       0       0
Gid:    0       0       0       0
FDSize: 64
Groups:
NStgid: 26235   1
NSpid:  26235   1
NSpgid: 26235   1
NSsid:  26235   1
VmPeak:   758200 kB
VmSize:   758200 kB
VmLck:         0 kB
VmPin:         0 kB
VmHWM:     61776 kB
VmRSS:     42652 kB
RssAnon:           24852 kB
RssFile:           17800 kB
RssShmem:              0 kB
VmData:   117136 kB
VmStk:       132 kB
VmExe:     21568 kB
VmLib:         4 kB
VmPTE:       264 kB
VmSwap:        0 kB
HugetlbPages:          0 kB
Threads:        51
SigQ:   9/511324
SigPnd: 0000000000000000
ShdPnd: 0000000000000000
SigBlk: 0000000000000000
SigIgn: 0000000000000000
SigCgt: fffffffc7fc1feff
CapInh: 0000003fffffffff
CapPrm: 0000003fffffffff
CapEff: 0000003fffffffff
CapBnd: 0000003fffffffff
CapAmb: 0000000000000000
Seccomp:	0
Cpus_allowed:	ff
Cpus_allowed_list:	0-7
Mems_allowed:	00000000,00000001
Mems_allowed_list:	0
voluntary_ctxt_switches:	4742839
nonvoluntary_ctxt_switches:	1727500
Mode: 644
# ttar - - - - - - - - - - - - - - - - - - - - - - - - - - - - - - - - - - - -
Directory: proc/26241
Mode: 775
# ttar - - - - - - - - - - - - - - - - - - - - - - - - - - - - - - - - - - - -
Path: proc/26241/cmdline
Lines: 1
vimNULLBYTEtest.goNULLBYTE+10NULLBYTEEOF
Mode: 644
# ttar - - - - - - - - - - - - - - - - - - - - - - - - - - - - - - - - - - - -
Path: proc/26241/comm
Lines: 1
vim
Mode: 644
# ttar - - - - - - - - - - - - - - - - - - - - - - - - - - - - - - - - - - - -
Path: proc/26241/cwd
SymlinkTo: /usr/bin
# ttar - - - - - - - - - - - - - - - - - - - - - - - - - - - - - - - - - - - -
Path: proc/26241/environ
Lines: 1
PATH=/go/bin:/usr/local/go/bin:/usr/local/sbin:/usr/local/bin:/usr/sbin:/usr/bin:/sbin:/binNULLBYTEHOSTNAME=cd24e11f73a5NULLBYTETERM=xtermNULLBYTEGOLANG_VERSION=1.12.5NULLBYTEGOPATH=/goNULLBYTEHOME=/rootNULLBYTESLURM_JOB_UID=1000NULLBYTESLURM_JOB_ID=10000NULLBYTESLURM_JOB_ACCOUNT=testaccNULLBYTESLURM_JOB_NODELIST=compute-[0-2]NULLBYTESLURM_STEP_GPUS=0NULLBYTE
Mode: 644
# ttar - - - - - - - - - - - - - - - - - - - - - - - - - - - - - - - - - - - -
Path: proc/26241/exe
SymlinkTo: /usr/bin/vim
# ttar - - - - - - - - - - - - - - - - - - - - - - - - - - - - - - - - - - - -
Directory: proc/26241/fd
Mode: 775
# ttar - - - - - - - - - - - - - - - - - - - - - - - - - - - - - - - - - - - -
Path: proc/26241/fd/0
SymlinkTo: ../../symlinktargets/abc
# ttar - - - - - - - - - - - - - - - - - - - - - - - - - - - - - - - - - - - -
Path: proc/26241/fd/1
SymlinkTo: ../../symlinktargets/def
# ttar - - - - - - - - - - - - - - - - - - - - - - - - - - - - - - - - - - - -
Path: proc/26241/fd/10
SymlinkTo: ../../symlinktargets/xyz
# ttar - - - - - - - - - - - - - - - - - - - - - - - - - - - - - - - - - - - -
Path: proc/26241/fd/2
SymlinkTo: ../../symlinktargets/ghi
# ttar - - - - - - - - - - - - - - - - - - - - - - - - - - - - - - - - - - - -
Path: proc/26241/fd/3
SymlinkTo: ../../symlinktargets/uvw
# ttar - - - - - - - - - - - - - - - - - - - - - - - - - - - - - - - - - - - -
Directory: proc/26241/fdinfo
Mode: 775
# ttar - - - - - - - - - - - - - - - - - - - - - - - - - - - - - - - - - - - -
Path: proc/26241/fdinfo/0
Lines: 6
pos:	0
flags:	02004000
mnt_id:	13
inotify wd:3 ino:1 sdev:34 mask:fce ignored_mask:0 fhandle-bytes:c fhandle-type:81 f_handle:000000000100000000000000
inotify wd:2 ino:1300016 sdev:fd00002 mask:fce ignored_mask:0 fhandle-bytes:8 fhandle-type:1 f_handle:16003001ed3f022a
inotify wd:1 ino:2e0001 sdev:fd00000 mask:fce ignored_mask:0 fhandle-bytes:8 fhandle-type:1 f_handle:01002e00138e7c65
Mode: 644
# ttar - - - - - - - - - - - - - - - - - - - - - - - - - - - - - - - - - - - -
Path: proc/26241/fdinfo/1
Lines: 4
pos:	0
flags:	02004002
mnt_id:	13
eventfd-count:                0
Mode: 644
# ttar - - - - - - - - - - - - - - - - - - - - - - - - - - - - - - - - - - - -
Path: proc/26241/fdinfo/10
Lines: 3
pos:	0
flags:	02004002
mnt_id:	9
Mode: 400
# ttar - - - - - - - - - - - - - - - - - - - - - - - - - - - - - - - - - - - -
Path: proc/26241/fdinfo/2
Lines: 3
pos:	0
flags:	02004002
mnt_id:	9
Mode: 400
# ttar - - - - - - - - - - - - - - - - - - - - - - - - - - - - - - - - - - - -
Path: proc/26241/fdinfo/3
Lines: 3
pos:	0
flags:	02004002
mnt_id:	9
Mode: 400
# ttar - - - - - - - - - - - - - - - - - - - - - - - - - - - - - - - - - - - -
Path: proc/26241/interrupts
Lines: 49
           CPU0       CPU1       CPU2       CPU3
  0:         49          0          0          0   IO-APIC   2-edge      timer
  1:          0          0          0          9   IO-APIC   1-edge      i8042
  4:          0       1443          0          0   IO-APIC   4-edge      ttyS0
  8:          1          0          0          0   IO-APIC   8-edge      rtc0
  9:          0          0          0          0   IO-APIC   9-fasteoi   acpi
 12:          0          0        144          0   IO-APIC  12-edge      i8042
 22:          0          0          0          5   IO-APIC  22-fasteoi   virtio1
 24:          0          0          0          0   PCI-MSI 114688-edge      virtio5-config
 25:       1800          0          0          0   PCI-MSI 114689-edge      virtio5-req.0
 26:          0       1469          0          0   PCI-MSI 114690-edge      virtio5-req.1
 27:          0          0       2654          0   PCI-MSI 114691-edge      virtio5-req.2
 28:          0          0          0       1989   PCI-MSI 114692-edge      virtio5-req.3
 29:       1362          0          0        934   PCI-MSI 512000-edge      ahci[0000:00:1f.2]
 30:          0          0          0          0   PCI-MSI 98304-edge      xhci_hcd
 31:          0          0          0          0   PCI-MSI 98305-edge      xhci_hcd
 32:          0          0          0          0   PCI-MSI 98306-edge      xhci_hcd
 33:          0          0          0          0   PCI-MSI 98307-edge      xhci_hcd
 34:          0          0          0          0   PCI-MSI 98308-edge      xhci_hcd
 35:          0          0          0          0   PCI-MSI 16384-edge      virtio0-config
 36:          0        335         37          0   PCI-MSI 16385-edge      virtio0-input.0
 37:          0          0          0        318   PCI-MSI 16386-edge      virtio0-output.0
 38:          0          0          0          0   PCI-MSI 49152-edge      virtio2-config
 39:       1243        178          0          0   PCI-MSI 49153-edge      virtio2-control
 40:          0          0          0          0   PCI-MSI 49154-edge      virtio2-cursor
 41:          0          0          0          0   PCI-MSI 65536-edge      virtio3-config
 42:          0          0          0          0   PCI-MSI 65537-edge      virtio3-virtqueues
 43:          0          0          0          0   PCI-MSI 81920-edge      virtio4-config
 44:          0          0          0          0   PCI-MSI 81921-edge      virtio4-virtqueues
NMI:          0          0          0          0   Non-maskable interrupts
LOC:      10196       7429       8542       8229   Local timer interrupts
SPU:          0          0          0          0   Spurious interrupts
PMI:          0          0          0          0   Performance monitoring interrupts
IWI:          0          3         11          6   IRQ work interrupts
RTR:          0          0          0          0   APIC ICR read retries
RES:       7997      11147      10898      12675   Rescheduling interrupts
CAL:       2761       2485       1787       2367   Function call interrupts
TLB:        212        137        158        231   TLB shootdowns
TRM:          0          0          0          0   Thermal event interrupts
THR:          0          0          0          0   Threshold APIC interrupts
DFR:          0          0          0          0   Deferred Error APIC interrupts
MCE:          0          0          0          0   Machine check exceptions
MCP:          1          1          1          1   Machine check polls
ERR:          0
MIS:          0

PIN:          0          0          0          0   Posted-interrupt notification event
NPI:          0          0          0          0   Nested posted-interrupt event
PIW:          0          0          0          0   Posted-interrupt wakeup event
Mode: 644
# ttar - - - - - - - - - - - - - - - - - - - - - - - - - - - - - - - - - - - -
Path: proc/26241/io
Lines: 7
rchar: 750339
wchar: 818609
syscr: 7405
syscw: 5245
read_bytes: 1024
write_bytes: 2048
cancelled_write_bytes: -1024
Mode: 644
# ttar - - - - - - - - - - - - - - - - - - - - - - - - - - - - - - - - - - - -
Path: proc/26241/limits
Lines: 17
Limit                     Soft Limit           Hard Limit           Units
Max cpu time              unlimited            unlimited            seconds
Max file size             unlimited            unlimited            bytes
Max data size             unlimited            unlimited            bytes
Max stack size            8388608              unlimited            bytes
Max core file size        0                    unlimited            bytes
Max resident set          unlimited            unlimited            bytes
Max processes             62898                62898                processes
Max open files            2048                 4096                 files
Max locked memory         18446744073708503040 18446744073708503040 bytes
Max address space         8589934592           unlimited            bytes
Max file locks            unlimited            unlimited            locks
Max pending signals       62898                62898                signals
Max msgqueue size         819200               819200               bytes
Max nice priority         0                    0
Max realtime priority     0                    0
Max realtime timeout      unlimited            unlimited            us
Mode: 644
# ttar - - - - - - - - - - - - - - - - - - - - - - - - - - - - - - - - - - - -
Path: proc/26241/mountstats
Lines: 20
device rootfs mounted on / with fstype rootfs
device sysfs mounted on /sys with fstype sysfs
device proc mounted on /proc with fstype proc
device /dev/sda1 mounted on / with fstype ext4
device 192.168.1.1:/srv/test mounted on /mnt/nfs/test with fstype nfs4 statvers=1.1
	opts:	rw,vers=4.0,rsize=1048576,wsize=1048576,namlen=255,acregmin=3,acregmax=60,acdirmin=30,acdirmax=60,hard,proto=tcp,port=0,timeo=600,retrans=2,sec=sys,mountaddr=192.168.1.1,clientaddr=192.168.1.5,local_lock=none
	age:	13968
	caps:	caps=0xfff7,wtmult=512,dtsize=32768,bsize=0,namlen=255
	nfsv4:	bm0=0xfdffafff,bm1=0xf9be3e,bm2=0x0,acl=0x0,pnfs=not configured
	sec:	flavor=1,pseudoflavor=1
	events:	52 226 0 0 1 13 398 0 0 331 0 47 0 0 77 0 0 77 0 0 0 0 0 0 0 0 0
	bytes:	1207640230 0 0 0 1210214218 0 295483 0
	RPC iostats version: 1.0  p/v: 100003/4 (nfs)
	xprt:	tcp 832 0 1 0 11 6428 6428 0 12154 0 24 26 5726
	per-op statistics
	        NULL: 0 0 0 0 0 0 0 0
	        READ: 1298 1298 0 207680 1210292152 6 79386 79407
	       WRITE: 0 0 0 0 0 0 0 0
	      ACCESS: 2927395007 2927394995 0 526931094212 362996810236 18446743919241604546 1667369447 1953587717

Mode: 644
# ttar - - - - - - - - - - - - - - - - - - - - - - - - - - - - - - - - - - - -
Directory: proc/26241/net
Mode: 775
# ttar - - - - - - - - - - - - - - - - - - - - - - - - - - - - - - - - - - - -
Path: proc/26241/net/dev
Lines: 4
Inter-|   Receive                                                |  Transmit
 face |bytes    packets errs drop fifo frame compressed multicast|bytes    packets errs drop fifo colls carrier compressed
    lo:       0       0    0    0    0     0          0         0        0       0    0    0    0     0       0          0
  eth0:     438       5    0    0    0     0          0         0      648       8    0    0    0     0       0          0
Mode: 644
# ttar - - - - - - - - - - - - - - - - - - - - - - - - - - - - - - - - - - - -
Path: proc/26241/net/netstat
Lines: 4
TcpExt: SyncookiesSent SyncookiesRecv SyncookiesFailed EmbryonicRsts PruneCalled RcvPruned OfoPruned OutOfWindowIcmps LockDroppedIcmps ArpFilter TW TWRecycled TWKilled PAWSActive PAWSEstab DelayedACKs DelayedACKLocked DelayedACKLost ListenOverflows ListenDrops TCPHPHits TCPPureAcks TCPHPAcks TCPRenoRecovery TCPSackRecovery TCPSACKReneging TCPSACKReorder TCPRenoReorder TCPTSReorder TCPFullUndo TCPPartialUndo TCPDSACKUndo TCPLossUndo TCPLostRetransmit TCPRenoFailures TCPSackFailures TCPLossFailures TCPFastRetrans TCPSlowStartRetrans TCPTimeouts TCPLossProbes TCPLossProbeRecovery TCPRenoRecoveryFail TCPSackRecoveryFail TCPRcvCollapsed TCPDSACKOldSent TCPDSACKOfoSent TCPDSACKRecv TCPDSACKOfoRecv TCPAbortOnData TCPAbortOnClose TCPAbortOnMemory TCPAbortOnTimeout TCPAbortOnLinger TCPAbortFailed TCPMemoryPressures TCPMemoryPressuresChrono TCPSACKDiscard TCPDSACKIgnoredOld TCPDSACKIgnoredNoUndo TCPSpuriousRTOs TCPMD5NotFound TCPMD5Unexpected TCPMD5Failure TCPSackShifted TCPSackMerged TCPSackShiftFallback TCPBacklogDrop PFMemallocDrop TCPMinTTLDrop TCPDeferAcceptDrop IPReversePathFilter TCPTimeWaitOverflow TCPReqQFullDoCookies TCPReqQFullDrop TCPRetransFail TCPRcvCoalesce TCPRcvQDrop TCPOFOQueue TCPOFODrop TCPOFOMerge TCPChallengeACK TCPSYNChallenge TCPFastOpenActive TCPFastOpenActiveFail TCPFastOpenPassive TCPFastOpenPassiveFail TCPFastOpenListenOverflow TCPFastOpenCookieReqd TCPFastOpenBlackhole TCPSpuriousRtxHostQueues BusyPollRxPackets TCPAutoCorking TCPFromZeroWindowAdv TCPToZeroWindowAdv TCPWantZeroWindowAdv TCPSynRetrans TCPOrigDataSent TCPHystartTrainDetect TCPHystartTrainCwnd TCPHystartDelayDetect TCPHystartDelayCwnd TCPACKSkippedSynRecv TCPACKSkippedPAWS TCPACKSkippedSeq TCPACKSkippedFinWait2 TCPACKSkippedTimeWait TCPACKSkippedChallenge TCPWinProbe TCPKeepAlive TCPMTUPFail TCPMTUPSuccess TCPWqueueTooBig
TcpExt: 0 0 0 1 0 0 0 0 0 0 83 0 0 0 3640 287 1 7460 0 0 134193 1335 829 0 4 0 1 0 0 0 0 1 19 0 0 0 0 0 3 0 32 100 4 0 0 0 7460 2421 49 1 62 6 0 23 0 7 0 0 0 0 19 2 0 0 0 0 0 6 0 0 0 0 3 0 0 0 0 92425 65515 0 2421 4 4 0 0 0 0 0 0 0 0 0 10 0 0 0 16 2221 0 0 2 45 0 0 3 0 0 0 0 456 0 0 0
IpExt: InNoRoutes InTruncatedPkts InMcastPkts OutMcastPkts InBcastPkts OutBcastPkts InOctets OutOctets InMcastOctets OutMcastOctets InBcastOctets OutBcastOctets InCsumErrors InNoECTPkts InECT1Pkts InECT0Pkts InCEPkts ReasmOverlaps
IpExt: 0 0 208 214 118 111 190585481 7512674 26093 25903 14546 13628 0 134215 0 0 0 0
Mode: 644
# ttar - - - - - - - - - - - - - - - - - - - - - - - - - - - - - - - - - - - -
Path: proc/26241/net/snmp
Lines: 12
Ip: Forwarding DefaultTTL InReceives InHdrErrors InAddrErrors ForwDatagrams InUnknownProtos InDiscards InDelivers OutRequests OutDiscards OutNoRoutes ReasmTimeout ReasmReqds ReasmOKs ReasmFails FragOKs FragFails FragCreates
Ip: 2 64 594223 0 1 0 0 0 593186 547253 20 231 0 0 0 0 0 0 0
Icmp: InMsgs InErrors InCsumErrors InDestUnreachs InTimeExcds InParmProbs InSrcQuenchs InRedirects InEchos InEchoReps InTimestamps InTimestampReps InAddrMasks InAddrMaskReps OutMsgs OutErrors OutDestUnreachs OutTimeExcds OutParmProbs OutSrcQuenchs OutRedirects OutEchos OutEchoReps OutTimestamps OutTimestampReps OutAddrMasks OutAddrMaskReps
Icmp: 45 1 0 45 0 0 0 0 0 0 0 0 0 0 50 0 50 0 0 0 0 0 0 0 0 0 0
IcmpMsg: InType3 OutType3
IcmpMsg: 45 50
Tcp: RtoAlgorithm RtoMin RtoMax MaxConn ActiveOpens PassiveOpens AttemptFails EstabResets CurrEstab InSegs OutSegs RetransSegs InErrs OutRsts InCsumErrors
Tcp: 1 200 120000 -1 1103 9 8 51 15 653161 594855 348 98 1038 0
Udp: InDatagrams NoPorts InErrors OutDatagrams RcvbufErrors SndbufErrors InCsumErrors IgnoredMulti
Udp: 10179 50 0 9846 0 0 0 58
UdpLite: InDatagrams NoPorts InErrors OutDatagrams RcvbufErrors SndbufErrors InCsumErrors IgnoredMulti
UdpLite: 0 0 0 0 0 0 0 0
Mode: 644
# ttar - - - - - - - - - - - - - - - - - - - - - - - - - - - - - - - - - - - -
Path: proc/26241/net/snmp6
Lines: 92
Ip6InReceives                   	92166
Ip6InHdrErrors                  	0
Ip6InTooBigErrors               	0
Ip6InNoRoutes                   	0
Ip6InAddrErrors                 	0
Ip6InUnknownProtos              	0
Ip6InTruncatedPkts              	0
Ip6InDiscards                   	0
Ip6InDelivers                   	92053
Ip6OutForwDatagrams             	0
Ip6OutRequests                  	57502
Ip6OutDiscards                  	0
Ip6OutNoRoutes                  	169
Ip6ReasmTimeout                 	0
Ip6ReasmReqds                   	0
Ip6ReasmOKs                     	0
Ip6ReasmFails                   	0
Ip6FragOKs                      	0
Ip6FragFails                    	0
Ip6FragCreates                  	0
Ip6InMcastPkts                  	381
Ip6OutMcastPkts                 	148
Ip6InOctets                     	113479132
Ip6OutOctets                    	9842685
Ip6InMcastOctets                	65971
Ip6OutMcastOctets               	19394
Ip6InBcastOctets                	0
Ip6OutBcastOctets               	0
Ip6InNoECTPkts                  	92166
Ip6InECT1Pkts                   	0
Ip6InECT0Pkts                   	0
Ip6InCEPkts                     	0
Icmp6InMsgs                     	142
Icmp6InErrors                   	0
Icmp6OutMsgs                    	58
Icmp6OutErrors                  	0
Icmp6InCsumErrors               	0
Icmp6InDestUnreachs             	2
Icmp6InPktTooBigs               	0
Icmp6InTimeExcds                	0
Icmp6InParmProblems             	0
Icmp6InEchos                    	0
Icmp6InEchoReplies              	0
Icmp6InGroupMembQueries         	0
Icmp6InGroupMembResponses       	0
Icmp6InGroupMembReductions      	0
Icmp6InRouterSolicits           	0
Icmp6InRouterAdvertisements     	111
Icmp6InNeighborSolicits         	26
Icmp6InNeighborAdvertisements   	1
Icmp6InRedirects                	0
Icmp6InMLDv2Reports             	2
Icmp6OutDestUnreachs            	0
Icmp6OutPktTooBigs              	0
Icmp6OutTimeExcds               	0
Icmp6OutParmProblems            	0
Icmp6OutEchos                   	0
Icmp6OutEchoReplies             	0
Icmp6OutGroupMembQueries        	0
Icmp6OutGroupMembResponses      	0
Icmp6OutGroupMembReductions     	0
Icmp6OutRouterSolicits          	2
Icmp6OutRouterAdvertisements    	0
Icmp6OutNeighborSolicits        	5
Icmp6OutNeighborAdvertisements  	26
Icmp6OutRedirects               	0
Icmp6OutMLDv2Reports            	25
Icmp6InType1                    	2
Icmp6InType134                  	111
Icmp6InType135                  	26
Icmp6InType136                  	1
Icmp6InType143                  	2
Icmp6OutType133                 	2
Icmp6OutType135                 	5
Icmp6OutType136                 	26
Icmp6OutType143                 	25
Udp6InDatagrams                 	2016
Udp6NoPorts                     	0
Udp6InErrors                    	0
Udp6OutDatagrams                	1546
Udp6RcvbufErrors                	0
Udp6SndbufErrors                	0
Udp6InCsumErrors                	0
Udp6IgnoredMulti                	12
UdpLite6InDatagrams             	0
UdpLite6NoPorts                 	0
UdpLite6InErrors                	0
UdpLite6OutDatagrams            	0
UdpLite6RcvbufErrors            	0
UdpLite6SndbufErrors            	0
UdpLite6InCsumErrors            	0
Mode: 644
Mode: 664
# ttar - - - - - - - - - - - - - - - - - - - - - - - - - - - - - - - - - - - -
Directory: proc/26241/ns
Mode: 775
# ttar - - - - - - - - - - - - - - - - - - - - - - - - - - - - - - - - - - - -
Path: proc/26241/ns/mnt
SymlinkTo: mnt:[4026531840]
# ttar - - - - - - - - - - - - - - - - - - - - - - - - - - - - - - - - - - - -
Path: proc/26241/ns/net
SymlinkTo: net:[4026531993]
# ttar - - - - - - - - - - - - - - - - - - - - - - - - - - - - - - - - - - - -
Path: proc/26241/root
SymlinkTo: /
# ttar - - - - - - - - - - - - - - - - - - - - - - - - - - - - - - - - - - - -
Path: proc/26241/schedstat
Lines: 1
411605849 93680043 79
Mode: 644
# ttar - - - - - - - - - - - - - - - - - - - - - - - - - - - - - - - - - - - -
Path: proc/26241/smaps
Lines: 252
00400000-00cb1000 r-xp 00000000 fd:01 952273                             /bin/alertmanager
Size:               8900 kB
KernelPageSize:        4 kB
MMUPageSize:           4 kB
Rss:                2952 kB
Pss:                2952 kB
Shared_Clean:          0 kB
Shared_Dirty:          0 kB
Private_Clean:      2952 kB
Private_Dirty:         0 kB
Referenced:         2864 kB
Anonymous:             0 kB
LazyFree:              0 kB
AnonHugePages:         0 kB
ShmemPmdMapped:        0 kB
Shared_Hugetlb:        0 kB
Private_Hugetlb:       0 kB
Swap:                  0 kB
SwapPss:               0 kB
Locked:                0 kB
VmFlags: rd ex mr mw me dw sd 
00cb1000-016b0000 r--p 008b1000 fd:01 952273                             /bin/alertmanager
Size:              10236 kB
KernelPageSize:        4 kB
MMUPageSize:           4 kB
Rss:                6152 kB
Pss:                6152 kB
Shared_Clean:          0 kB
Shared_Dirty:          0 kB
Private_Clean:      6152 kB
Private_Dirty:         0 kB
Referenced:         5308 kB
Anonymous:             0 kB
LazyFree:              0 kB
AnonHugePages:         0 kB
ShmemPmdMapped:        0 kB
Shared_Hugetlb:        0 kB
Private_Hugetlb:       0 kB
Swap:                  0 kB
SwapPss:               0 kB
Locked:                0 kB
VmFlags: rd mr mw me dw sd 
016b0000-0171a000 rw-p 012b0000 fd:01 952273                             /bin/alertmanager
Size:                424 kB
KernelPageSize:        4 kB
MMUPageSize:           4 kB
Rss:                 176 kB
Pss:                 176 kB
Shared_Clean:          0 kB
Shared_Dirty:          0 kB
Private_Clean:        84 kB
Private_Dirty:        92 kB
Referenced:          176 kB
Anonymous:            92 kB
LazyFree:              0 kB
AnonHugePages:         0 kB
ShmemPmdMapped:        0 kB
Shared_Hugetlb:        0 kB
Private_Hugetlb:       0 kB
Swap:                 12 kB
SwapPss:              12 kB
Locked:                0 kB
VmFlags: rd wr mr mw me dw ac sd 
0171a000-0173f000 rw-p 00000000 00:00 0 
Size:                148 kB
KernelPageSize:        4 kB
MMUPageSize:           4 kB
Rss:                  76 kB
Pss:                  76 kB
Shared_Clean:          0 kB
Shared_Dirty:          0 kB
Private_Clean:         0 kB
Private_Dirty:        76 kB
Referenced:           76 kB
Anonymous:            76 kB
LazyFree:              0 kB
AnonHugePages:         0 kB
ShmemPmdMapped:        0 kB
Shared_Hugetlb:        0 kB
Private_Hugetlb:       0 kB
Swap:                  0 kB
SwapPss:               0 kB
Locked:                0 kB
VmFlags: rd wr mr mw me ac sd 
c000000000-c000400000 rw-p 00000000 00:00 0 
Size:               4096 kB
KernelPageSize:        4 kB
MMUPageSize:           4 kB
Rss:                2564 kB
Pss:                2564 kB
Shared_Clean:          0 kB
Shared_Dirty:          0 kB
Private_Clean:        20 kB
Private_Dirty:      2544 kB
Referenced:         2544 kB
Anonymous:          2564 kB
LazyFree:              0 kB
AnonHugePages:         0 kB
ShmemPmdMapped:        0 kB
Shared_Hugetlb:        0 kB
Private_Hugetlb:       0 kB
Swap:               1100 kB
SwapPss:            1100 kB
Locked:                0 kB
VmFlags: rd wr mr mw me ac sd 
c000400000-c001600000 rw-p 00000000 00:00 0 
Size:              18432 kB
KernelPageSize:        4 kB
MMUPageSize:           4 kB
Rss:               16024 kB
Pss:               16024 kB
Shared_Clean:          0 kB
Shared_Dirty:          0 kB
Private_Clean:      5864 kB
Private_Dirty:     10160 kB
Referenced:        11944 kB
Anonymous:         16024 kB
LazyFree:           5848 kB
AnonHugePages:         0 kB
ShmemPmdMapped:        0 kB
Shared_Hugetlb:        0 kB
Private_Hugetlb:       0 kB
Swap:                440 kB
SwapPss:             440 kB
Locked:                0 kB
VmFlags: rd wr mr mw me ac sd nh 
c001600000-c004000000 rw-p 00000000 00:00 0 
Size:              43008 kB
KernelPageSize:        4 kB
MMUPageSize:           4 kB
Rss:                   0 kB
Pss:                   0 kB
Shared_Clean:          0 kB
Shared_Dirty:          0 kB
Private_Clean:         0 kB
Private_Dirty:         0 kB
Referenced:            0 kB
Anonymous:             0 kB
LazyFree:              0 kB
AnonHugePages:         0 kB
ShmemPmdMapped:        0 kB
Shared_Hugetlb:        0 kB
Private_Hugetlb:       0 kB
Swap:                  0 kB
SwapPss:               0 kB
Locked:                0 kB
VmFlags: rd wr mr mw me ac sd 
7f0ab95ca000-7f0abbb7b000 rw-p 00000000 00:00 0 
Size:              38596 kB
KernelPageSize:        4 kB
MMUPageSize:           4 kB
Rss:                1992 kB
Pss:                1992 kB
Shared_Clean:          0 kB
Shared_Dirty:          0 kB
Private_Clean:       476 kB
Private_Dirty:      1516 kB
Referenced:         1828 kB
Anonymous:          1992 kB
LazyFree:              0 kB
AnonHugePages:         0 kB
ShmemPmdMapped:        0 kB
Shared_Hugetlb:        0 kB
Private_Hugetlb:       0 kB
Swap:                384 kB
SwapPss:             384 kB
Locked:                0 kB
VmFlags: rd wr mr mw me ac sd 
7ffc07ecf000-7ffc07ef0000 rw-p 00000000 00:00 0                          [stack]
Size:                132 kB
KernelPageSize:        4 kB
MMUPageSize:           4 kB
Rss:                   8 kB
Pss:                   8 kB
Shared_Clean:          0 kB
Shared_Dirty:          0 kB
Private_Clean:         0 kB
Private_Dirty:         8 kB
Referenced:            8 kB
Anonymous:             8 kB
LazyFree:              0 kB
AnonHugePages:         0 kB
ShmemPmdMapped:        0 kB
Shared_Hugetlb:        0 kB
Private_Hugetlb:       0 kB
Swap:                  4 kB
SwapPss:               4 kB
Locked:                0 kB
VmFlags: rd wr mr mw me gd ac 
7ffc07f9e000-7ffc07fa1000 r--p 00000000 00:00 0                          [vvar]
Size:                 12 kB
KernelPageSize:        4 kB
MMUPageSize:           4 kB
Rss:                   0 kB
Pss:                   0 kB
Shared_Clean:          0 kB
Shared_Dirty:          0 kB
Private_Clean:         0 kB
Private_Dirty:         0 kB
Referenced:            0 kB
Anonymous:             0 kB
LazyFree:              0 kB
AnonHugePages:         0 kB
ShmemPmdMapped:        0 kB
Shared_Hugetlb:        0 kB
Private_Hugetlb:       0 kB
Swap:                  0 kB
SwapPss:               0 kB
Locked:                0 kB
VmFlags: rd mr pf io de dd sd 
7ffc07fa1000-7ffc07fa3000 r-xp 00000000 00:00 0                          [vdso]
Size:                  8 kB
KernelPageSize:        4 kB
MMUPageSize:           4 kB
Rss:                   4 kB
Pss:                   0 kB
Shared_Clean:          4 kB
Shared_Dirty:          0 kB
Private_Clean:         0 kB
Private_Dirty:         0 kB
Referenced:            4 kB
Anonymous:             0 kB
LazyFree:              0 kB
AnonHugePages:         0 kB
ShmemPmdMapped:        0 kB
Shared_Hugetlb:        0 kB
Private_Hugetlb:       0 kB
Swap:                  0 kB
SwapPss:               0 kB
Locked:                0 kB
VmFlags: rd ex mr mw me de sd 
ffffffffff600000-ffffffffff601000 r-xp 00000000 00:00 0                  [vsyscall]
Size:                  4 kB
KernelPageSize:        4 kB
MMUPageSize:           4 kB
Rss:                   0 kB
Pss:                   0 kB
Shared_Clean:          0 kB
Shared_Dirty:          0 kB
Private_Clean:         0 kB
Private_Dirty:         0 kB
Referenced:            0 kB
Anonymous:             0 kB
LazyFree:              0 kB
AnonHugePages:         0 kB
ShmemPmdMapped:        0 kB
Shared_Hugetlb:        0 kB
Private_Hugetlb:       0 kB
Swap:                  0 kB
SwapPss:               0 kB
Locked:                0 kB
VmFlags: rd ex 
Mode: 644
# ttar - - - - - - - - - - - - - - - - - - - - - - - - - - - - - - - - - - - -
Path: proc/26241/smaps_rollup
Lines: 17
00400000-ffffffffff601000 ---p 00000000 00:00 0                          [rollup]
Rss:               29948 kB
Pss:               29944 kB
Shared_Clean:          4 kB
Shared_Dirty:          0 kB
Private_Clean:     15548 kB
Private_Dirty:     14396 kB
Referenced:        24752 kB
Anonymous:         20756 kB
LazyFree:           5848 kB
AnonHugePages:         0 kB
ShmemPmdMapped:        0 kB
Shared_Hugetlb:        0 kB
Private_Hugetlb:       0 kB
Swap:               1940 kB
SwapPss:            1940 kB
Locked:                0 kB
Mode: 644
# ttar - - - - - - - - - - - - - - - - - - - - - - - - - - - - - - - - - - - -
Path: proc/26241/stat
Lines: 1
26231 (vim) R 5392 7446 5392 34835 7446 4218880 32533 309516 26 82 1677 44 158 99 20 0 1 0 82375 56274944 1981 18446744073709551615 4194304 6294284 140736914091744 140736914087944 139965136429984 0 0 12288 1870679807 0 0 0 17 0 0 0 31 0 0 8391624 8481048 16420864 140736914093252 140736914093279 140736914093279 140736914096107 0
Mode: 644
# ttar - - - - - - - - - - - - - - - - - - - - - - - - - - - - - - - - - - - -
Path: proc/26241/status
Lines: 53

Name:	prometheus
Umask:	0022
State:	S (sleeping)
Tgid:	26231
Ngid:	0
Pid:	26231
PPid:	1
TracerPid:	0
Uid:	1000	1000	1000	0
Gid:	1001	1001	1001	0
FDSize:	128
Groups:
NStgid:	1
NSpid:	1
NSpgid:	1
NSsid:	1
VmPeak:	   58472 kB
VmSize:	   58440 kB
VmLck:	       0 kB
VmPin:	       0 kB
VmHWM:	    8028 kB
VmRSS:	    6716 kB
RssAnon:	    2092 kB
RssFile:	    4624 kB
RssShmem:	       0 kB
VmData:	    2580 kB
VmStk:	     136 kB
VmExe:	     948 kB
VmLib:	    6816 kB
VmPTE:	     128 kB
VmPMD:	      12 kB
VmSwap:	     660 kB
HugetlbPages:	       0 kB
Threads:	1
SigQ:	8/63965
SigPnd:	0000000000000000
ShdPnd:	0000000000000000
SigBlk:	7be3c0fe28014a03
SigIgn:	0000000000001000
SigCgt:	00000001800004ec
CapInh:	0000000000000000
CapPrm:	0000003fffffffff
CapEff:	0000003fffffffff
CapBnd:	0000003fffffffff
CapAmb:	0000000000000000
Seccomp:	0
Cpus_allowed:	ff
Cpus_allowed_list:	0-7
Mems_allowed:	00000000,00000001
Mems_allowed_list:	0
voluntary_ctxt_switches:	4742839
nonvoluntary_ctxt_switches:	1727500
Mode: 644
# ttar - - - - - - - - - - - - - - - - - - - - - - - - - - - - - - - - - - - -
Path: proc/26241/wchan
Lines: 1
poll_schedule_timeoutEOF
Mode: 664
# ttar - - - - - - - - - - - - - - - - - - - - - - - - - - - - - - - - - - - -
Directory: proc/26242
Mode: 775
# ttar - - - - - - - - - - - - - - - - - - - - - - - - - - - - - - - - - - - -
Path: proc/26242/cmdline
Lines: 1
vimNULLBYTEtest.goNULLBYTE+10NULLBYTEEOF
Mode: 644
# ttar - - - - - - - - - - - - - - - - - - - - - - - - - - - - - - - - - - - -
Path: proc/26242/comm
Lines: 1
vim
Mode: 644
# ttar - - - - - - - - - - - - - - - - - - - - - - - - - - - - - - - - - - - -
Path: proc/26242/cwd
SymlinkTo: /usr/bin
# ttar - - - - - - - - - - - - - - - - - - - - - - - - - - - - - - - - - - - -
Path: proc/26242/environ
Lines: 1
PATH=/go/bin:/usr/local/go/bin:/usr/local/sbin:/usr/local/bin:/usr/sbin:/usr/bin:/sbin:/binNULLBYTEHOSTNAME=cd24e11f73a5NULLBYTETERM=xtermNULLBYTEGOLANG_VERSION=1.12.5NULLBYTEGOPATH=/goNULLBYTEHOME=/rootNULLBYTESLURM_JOB_UID=1000NULLBYTESLURM_JOB_ID=1009250NULLBYTESLURM_JOB_ACCOUNT=testaccNULLBYTESLURM_JOB_NODELIST=compute-[0-2]NULLBYTESLURM_STEP_GPUS=3NULLBYTE
Mode: 644
# ttar - - - - - - - - - - - - - - - - - - - - - - - - - - - - - - - - - - - -
Path: proc/26242/exe
SymlinkTo: /usr/bin/vim
# ttar - - - - - - - - - - - - - - - - - - - - - - - - - - - - - - - - - - - -
Directory: proc/26242/fd
Mode: 775
# ttar - - - - - - - - - - - - - - - - - - - - - - - - - - - - - - - - - - - -
Path: proc/26242/fd/0
SymlinkTo: ../../symlinktargets/abc
# ttar - - - - - - - - - - - - - - - - - - - - - - - - - - - - - - - - - - - -
Path: proc/26242/fd/1
SymlinkTo: ../../symlinktargets/def
# ttar - - - - - - - - - - - - - - - - - - - - - - - - - - - - - - - - - - - -
Path: proc/26242/fd/10
SymlinkTo: ../../symlinktargets/xyz
# ttar - - - - - - - - - - - - - - - - - - - - - - - - - - - - - - - - - - - -
Path: proc/26242/fd/2
SymlinkTo: ../../symlinktargets/ghi
# ttar - - - - - - - - - - - - - - - - - - - - - - - - - - - - - - - - - - - -
Path: proc/26242/fd/3
SymlinkTo: ../../symlinktargets/uvw
# ttar - - - - - - - - - - - - - - - - - - - - - - - - - - - - - - - - - - - -
Directory: proc/26242/fdinfo
Mode: 775
# ttar - - - - - - - - - - - - - - - - - - - - - - - - - - - - - - - - - - - -
Path: proc/26242/fdinfo/0
Lines: 6
pos:	0
flags:	02004000
mnt_id:	13
inotify wd:3 ino:1 sdev:34 mask:fce ignored_mask:0 fhandle-bytes:c fhandle-type:81 f_handle:000000000100000000000000
inotify wd:2 ino:1300016 sdev:fd00002 mask:fce ignored_mask:0 fhandle-bytes:8 fhandle-type:1 f_handle:16003001ed3f022a
inotify wd:1 ino:2e0001 sdev:fd00000 mask:fce ignored_mask:0 fhandle-bytes:8 fhandle-type:1 f_handle:01002e00138e7c65
Mode: 644
# ttar - - - - - - - - - - - - - - - - - - - - - - - - - - - - - - - - - - - -
Path: proc/26242/fdinfo/1
Lines: 4
pos:	0
flags:	02004002
mnt_id:	13
eventfd-count:                0
Mode: 644
# ttar - - - - - - - - - - - - - - - - - - - - - - - - - - - - - - - - - - - -
Path: proc/26242/fdinfo/10
Lines: 3
pos:	0
flags:	02004002
mnt_id:	9
Mode: 400
# ttar - - - - - - - - - - - - - - - - - - - - - - - - - - - - - - - - - - - -
Path: proc/26242/fdinfo/2
Lines: 3
pos:	0
flags:	02004002
mnt_id:	9
Mode: 400
# ttar - - - - - - - - - - - - - - - - - - - - - - - - - - - - - - - - - - - -
Path: proc/26242/fdinfo/3
Lines: 3
pos:	0
flags:	02004002
mnt_id:	9
Mode: 400
# ttar - - - - - - - - - - - - - - - - - - - - - - - - - - - - - - - - - - - -
Path: proc/26242/interrupts
Lines: 49
           CPU0       CPU1       CPU2       CPU3
  0:         49          0          0          0   IO-APIC   2-edge      timer
  1:          0          0          0          9   IO-APIC   1-edge      i8042
  4:          0       1443          0          0   IO-APIC   4-edge      ttyS0
  8:          1          0          0          0   IO-APIC   8-edge      rtc0
  9:          0          0          0          0   IO-APIC   9-fasteoi   acpi
 12:          0          0        144          0   IO-APIC  12-edge      i8042
 22:          0          0          0          5   IO-APIC  22-fasteoi   virtio1
 24:          0          0          0          0   PCI-MSI 114688-edge      virtio5-config
 25:       1800          0          0          0   PCI-MSI 114689-edge      virtio5-req.0
 26:          0       1469          0          0   PCI-MSI 114690-edge      virtio5-req.1
 27:          0          0       2654          0   PCI-MSI 114691-edge      virtio5-req.2
 28:          0          0          0       1989   PCI-MSI 114692-edge      virtio5-req.3
 29:       1362          0          0        934   PCI-MSI 512000-edge      ahci[0000:00:1f.2]
 30:          0          0          0          0   PCI-MSI 98304-edge      xhci_hcd
 31:          0          0          0          0   PCI-MSI 98305-edge      xhci_hcd
 32:          0          0          0          0   PCI-MSI 98306-edge      xhci_hcd
 33:          0          0          0          0   PCI-MSI 98307-edge      xhci_hcd
 34:          0          0          0          0   PCI-MSI 98308-edge      xhci_hcd
 35:          0          0          0          0   PCI-MSI 16384-edge      virtio0-config
 36:          0        335         37          0   PCI-MSI 16385-edge      virtio0-input.0
 37:          0          0          0        318   PCI-MSI 16386-edge      virtio0-output.0
 38:          0          0          0          0   PCI-MSI 49152-edge      virtio2-config
 39:       1243        178          0          0   PCI-MSI 49153-edge      virtio2-control
 40:          0          0          0          0   PCI-MSI 49154-edge      virtio2-cursor
 41:          0          0          0          0   PCI-MSI 65536-edge      virtio3-config
 42:          0          0          0          0   PCI-MSI 65537-edge      virtio3-virtqueues
 43:          0          0          0          0   PCI-MSI 81920-edge      virtio4-config
 44:          0          0          0          0   PCI-MSI 81921-edge      virtio4-virtqueues
NMI:          0          0          0          0   Non-maskable interrupts
LOC:      10196       7429       8542       8229   Local timer interrupts
SPU:          0          0          0          0   Spurious interrupts
PMI:          0          0          0          0   Performance monitoring interrupts
IWI:          0          3         11          6   IRQ work interrupts
RTR:          0          0          0          0   APIC ICR read retries
RES:       7997      11147      10898      12675   Rescheduling interrupts
CAL:       2761       2485       1787       2367   Function call interrupts
TLB:        212        137        158        231   TLB shootdowns
TRM:          0          0          0          0   Thermal event interrupts
THR:          0          0          0          0   Threshold APIC interrupts
DFR:          0          0          0          0   Deferred Error APIC interrupts
MCE:          0          0          0          0   Machine check exceptions
MCP:          1          1          1          1   Machine check polls
ERR:          0
MIS:          0

PIN:          0          0          0          0   Posted-interrupt notification event
NPI:          0          0          0          0   Nested posted-interrupt event
PIW:          0          0          0          0   Posted-interrupt wakeup event
Mode: 644
# ttar - - - - - - - - - - - - - - - - - - - - - - - - - - - - - - - - - - - -
Path: proc/26242/io
Lines: 7
rchar: 750339
wchar: 818609
syscr: 7405
syscw: 5245
read_bytes: 1024
write_bytes: 2048
cancelled_write_bytes: -1024
Mode: 644
# ttar - - - - - - - - - - - - - - - - - - - - - - - - - - - - - - - - - - - -
Path: proc/26242/limits
Lines: 17
Limit                     Soft Limit           Hard Limit           Units
Max cpu time              unlimited            unlimited            seconds
Max file size             unlimited            unlimited            bytes
Max data size             unlimited            unlimited            bytes
Max stack size            8388608              unlimited            bytes
Max core file size        0                    unlimited            bytes
Max resident set          unlimited            unlimited            bytes
Max processes             62898                62898                processes
Max open files            2048                 4096                 files
Max locked memory         18446744073708503040 18446744073708503040 bytes
Max address space         8589934592           unlimited            bytes
Max file locks            unlimited            unlimited            locks
Max pending signals       62898                62898                signals
Max msgqueue size         819200               819200               bytes
Max nice priority         0                    0
Max realtime priority     0                    0
Max realtime timeout      unlimited            unlimited            us
Mode: 644
# ttar - - - - - - - - - - - - - - - - - - - - - - - - - - - - - - - - - - - -
Path: proc/26242/mountstats
Lines: 20
device rootfs mounted on / with fstype rootfs
device sysfs mounted on /sys with fstype sysfs
device proc mounted on /proc with fstype proc
device /dev/sda1 mounted on / with fstype ext4
device 192.168.1.1:/srv/test mounted on /mnt/nfs/test with fstype nfs4 statvers=1.1
	opts:	rw,vers=4.0,rsize=1048576,wsize=1048576,namlen=255,acregmin=3,acregmax=60,acdirmin=30,acdirmax=60,hard,proto=tcp,port=0,timeo=600,retrans=2,sec=sys,mountaddr=192.168.1.1,clientaddr=192.168.1.5,local_lock=none
	age:	13968
	caps:	caps=0xfff7,wtmult=512,dtsize=32768,bsize=0,namlen=255
	nfsv4:	bm0=0xfdffafff,bm1=0xf9be3e,bm2=0x0,acl=0x0,pnfs=not configured
	sec:	flavor=1,pseudoflavor=1
	events:	52 226 0 0 1 13 398 0 0 331 0 47 0 0 77 0 0 77 0 0 0 0 0 0 0 0 0
	bytes:	1207640230 0 0 0 1210214218 0 295483 0
	RPC iostats version: 1.0  p/v: 100003/4 (nfs)
	xprt:	tcp 832 0 1 0 11 6428 6428 0 12154 0 24 26 5726
	per-op statistics
	        NULL: 0 0 0 0 0 0 0 0
	        READ: 1298 1298 0 207680 1210292152 6 79386 79407
	       WRITE: 0 0 0 0 0 0 0 0
	      ACCESS: 2927395007 2927394995 0 526931094212 362996810236 18446743919241604546 1667369447 1953587717

Mode: 644
# ttar - - - - - - - - - - - - - - - - - - - - - - - - - - - - - - - - - - - -
Directory: proc/26242/net
Mode: 775
# ttar - - - - - - - - - - - - - - - - - - - - - - - - - - - - - - - - - - - -
Path: proc/26242/net/dev
Lines: 4
Inter-|   Receive                                                |  Transmit
 face |bytes    packets errs drop fifo frame compressed multicast|bytes    packets errs drop fifo colls carrier compressed
    lo:       0       0    0    0    0     0          0         0        0       0    0    0    0     0       0          0
  eth0:     438       5    0    0    0     0          0         0      648       8    0    0    0     0       0          0
Mode: 644
# ttar - - - - - - - - - - - - - - - - - - - - - - - - - - - - - - - - - - - -
Path: proc/26242/net/netstat
Lines: 4
TcpExt: SyncookiesSent SyncookiesRecv SyncookiesFailed EmbryonicRsts PruneCalled RcvPruned OfoPruned OutOfWindowIcmps LockDroppedIcmps ArpFilter TW TWRecycled TWKilled PAWSActive PAWSEstab DelayedACKs DelayedACKLocked DelayedACKLost ListenOverflows ListenDrops TCPHPHits TCPPureAcks TCPHPAcks TCPRenoRecovery TCPSackRecovery TCPSACKReneging TCPSACKReorder TCPRenoReorder TCPTSReorder TCPFullUndo TCPPartialUndo TCPDSACKUndo TCPLossUndo TCPLostRetransmit TCPRenoFailures TCPSackFailures TCPLossFailures TCPFastRetrans TCPSlowStartRetrans TCPTimeouts TCPLossProbes TCPLossProbeRecovery TCPRenoRecoveryFail TCPSackRecoveryFail TCPRcvCollapsed TCPDSACKOldSent TCPDSACKOfoSent TCPDSACKRecv TCPDSACKOfoRecv TCPAbortOnData TCPAbortOnClose TCPAbortOnMemory TCPAbortOnTimeout TCPAbortOnLinger TCPAbortFailed TCPMemoryPressures TCPMemoryPressuresChrono TCPSACKDiscard TCPDSACKIgnoredOld TCPDSACKIgnoredNoUndo TCPSpuriousRTOs TCPMD5NotFound TCPMD5Unexpected TCPMD5Failure TCPSackShifted TCPSackMerged TCPSackShiftFallback TCPBacklogDrop PFMemallocDrop TCPMinTTLDrop TCPDeferAcceptDrop IPReversePathFilter TCPTimeWaitOverflow TCPReqQFullDoCookies TCPReqQFullDrop TCPRetransFail TCPRcvCoalesce TCPRcvQDrop TCPOFOQueue TCPOFODrop TCPOFOMerge TCPChallengeACK TCPSYNChallenge TCPFastOpenActive TCPFastOpenActiveFail TCPFastOpenPassive TCPFastOpenPassiveFail TCPFastOpenListenOverflow TCPFastOpenCookieReqd TCPFastOpenBlackhole TCPSpuriousRtxHostQueues BusyPollRxPackets TCPAutoCorking TCPFromZeroWindowAdv TCPToZeroWindowAdv TCPWantZeroWindowAdv TCPSynRetrans TCPOrigDataSent TCPHystartTrainDetect TCPHystartTrainCwnd TCPHystartDelayDetect TCPHystartDelayCwnd TCPACKSkippedSynRecv TCPACKSkippedPAWS TCPACKSkippedSeq TCPACKSkippedFinWait2 TCPACKSkippedTimeWait TCPACKSkippedChallenge TCPWinProbe TCPKeepAlive TCPMTUPFail TCPMTUPSuccess TCPWqueueTooBig
TcpExt: 0 0 0 1 0 0 0 0 0 0 83 0 0 0 3640 287 1 7460 0 0 134193 1335 829 0 4 0 1 0 0 0 0 1 19 0 0 0 0 0 3 0 32 100 4 0 0 0 7460 2421 49 1 62 6 0 23 0 7 0 0 0 0 19 2 0 0 0 0 0 6 0 0 0 0 3 0 0 0 0 92425 65515 0 2421 4 4 0 0 0 0 0 0 0 0 0 10 0 0 0 16 2221 0 0 2 45 0 0 3 0 0 0 0 456 0 0 0
IpExt: InNoRoutes InTruncatedPkts InMcastPkts OutMcastPkts InBcastPkts OutBcastPkts InOctets OutOctets InMcastOctets OutMcastOctets InBcastOctets OutBcastOctets InCsumErrors InNoECTPkts InECT1Pkts InECT0Pkts InCEPkts ReasmOverlaps
IpExt: 0 0 208 214 118 111 190585481 7512674 26093 25903 14546 13628 0 134215 0 0 0 0
Mode: 644
# ttar - - - - - - - - - - - - - - - - - - - - - - - - - - - - - - - - - - - -
Path: proc/26242/net/snmp
Lines: 12
Ip: Forwarding DefaultTTL InReceives InHdrErrors InAddrErrors ForwDatagrams InUnknownProtos InDiscards InDelivers OutRequests OutDiscards OutNoRoutes ReasmTimeout ReasmReqds ReasmOKs ReasmFails FragOKs FragFails FragCreates
Ip: 2 64 594223 0 1 0 0 0 593186 547253 20 231 0 0 0 0 0 0 0
Icmp: InMsgs InErrors InCsumErrors InDestUnreachs InTimeExcds InParmProbs InSrcQuenchs InRedirects InEchos InEchoReps InTimestamps InTimestampReps InAddrMasks InAddrMaskReps OutMsgs OutErrors OutDestUnreachs OutTimeExcds OutParmProbs OutSrcQuenchs OutRedirects OutEchos OutEchoReps OutTimestamps OutTimestampReps OutAddrMasks OutAddrMaskReps
Icmp: 45 1 0 45 0 0 0 0 0 0 0 0 0 0 50 0 50 0 0 0 0 0 0 0 0 0 0
IcmpMsg: InType3 OutType3
IcmpMsg: 45 50
Tcp: RtoAlgorithm RtoMin RtoMax MaxConn ActiveOpens PassiveOpens AttemptFails EstabResets CurrEstab InSegs OutSegs RetransSegs InErrs OutRsts InCsumErrors
Tcp: 1 200 120000 -1 1103 9 8 51 15 653161 594855 348 98 1038 0
Udp: InDatagrams NoPorts InErrors OutDatagrams RcvbufErrors SndbufErrors InCsumErrors IgnoredMulti
Udp: 10179 50 0 9846 0 0 0 58
UdpLite: InDatagrams NoPorts InErrors OutDatagrams RcvbufErrors SndbufErrors InCsumErrors IgnoredMulti
UdpLite: 0 0 0 0 0 0 0 0
Mode: 644
# ttar - - - - - - - - - - - - - - - - - - - - - - - - - - - - - - - - - - - -
Path: proc/26242/net/snmp6
Lines: 92
Ip6InReceives                   	92166
Ip6InHdrErrors                  	0
Ip6InTooBigErrors               	0
Ip6InNoRoutes                   	0
Ip6InAddrErrors                 	0
Ip6InUnknownProtos              	0
Ip6InTruncatedPkts              	0
Ip6InDiscards                   	0
Ip6InDelivers                   	92053
Ip6OutForwDatagrams             	0
Ip6OutRequests                  	57502
Ip6OutDiscards                  	0
Ip6OutNoRoutes                  	169
Ip6ReasmTimeout                 	0
Ip6ReasmReqds                   	0
Ip6ReasmOKs                     	0
Ip6ReasmFails                   	0
Ip6FragOKs                      	0
Ip6FragFails                    	0
Ip6FragCreates                  	0
Ip6InMcastPkts                  	381
Ip6OutMcastPkts                 	148
Ip6InOctets                     	113479132
Ip6OutOctets                    	9842685
Ip6InMcastOctets                	65971
Ip6OutMcastOctets               	19394
Ip6InBcastOctets                	0
Ip6OutBcastOctets               	0
Ip6InNoECTPkts                  	92166
Ip6InECT1Pkts                   	0
Ip6InECT0Pkts                   	0
Ip6InCEPkts                     	0
Icmp6InMsgs                     	142
Icmp6InErrors                   	0
Icmp6OutMsgs                    	58
Icmp6OutErrors                  	0
Icmp6InCsumErrors               	0
Icmp6InDestUnreachs             	2
Icmp6InPktTooBigs               	0
Icmp6InTimeExcds                	0
Icmp6InParmProblems             	0
Icmp6InEchos                    	0
Icmp6InEchoReplies              	0
Icmp6InGroupMembQueries         	0
Icmp6InGroupMembResponses       	0
Icmp6InGroupMembReductions      	0
Icmp6InRouterSolicits           	0
Icmp6InRouterAdvertisements     	111
Icmp6InNeighborSolicits         	26
Icmp6InNeighborAdvertisements   	1
Icmp6InRedirects                	0
Icmp6InMLDv2Reports             	2
Icmp6OutDestUnreachs            	0
Icmp6OutPktTooBigs              	0
Icmp6OutTimeExcds               	0
Icmp6OutParmProblems            	0
Icmp6OutEchos                   	0
Icmp6OutEchoReplies             	0
Icmp6OutGroupMembQueries        	0
Icmp6OutGroupMembResponses      	0
Icmp6OutGroupMembReductions     	0
Icmp6OutRouterSolicits          	2
Icmp6OutRouterAdvertisements    	0
Icmp6OutNeighborSolicits        	5
Icmp6OutNeighborAdvertisements  	26
Icmp6OutRedirects               	0
Icmp6OutMLDv2Reports            	25
Icmp6InType1                    	2
Icmp6InType134                  	111
Icmp6InType135                  	26
Icmp6InType136                  	1
Icmp6InType143                  	2
Icmp6OutType133                 	2
Icmp6OutType135                 	5
Icmp6OutType136                 	26
Icmp6OutType143                 	25
Udp6InDatagrams                 	2016
Udp6NoPorts                     	0
Udp6InErrors                    	0
Udp6OutDatagrams                	1546
Udp6RcvbufErrors                	0
Udp6SndbufErrors                	0
Udp6InCsumErrors                	0
Udp6IgnoredMulti                	12
UdpLite6InDatagrams             	0
UdpLite6NoPorts                 	0
UdpLite6InErrors                	0
UdpLite6OutDatagrams            	0
UdpLite6RcvbufErrors            	0
UdpLite6SndbufErrors            	0
UdpLite6InCsumErrors            	0
Mode: 644
Mode: 664
# ttar - - - - - - - - - - - - - - - - - - - - - - - - - - - - - - - - - - - -
Directory: proc/26242/ns
Mode: 775
# ttar - - - - - - - - - - - - - - - - - - - - - - - - - - - - - - - - - - - -
Path: proc/26242/ns/mnt
SymlinkTo: mnt:[4026531840]
# ttar - - - - - - - - - - - - - - - - - - - - - - - - - - - - - - - - - - - -
Path: proc/26242/ns/net
SymlinkTo: net:[4026531993]
# ttar - - - - - - - - - - - - - - - - - - - - - - - - - - - - - - - - - - - -
Path: proc/26242/root
SymlinkTo: /
# ttar - - - - - - - - - - - - - - - - - - - - - - - - - - - - - - - - - - - -
Path: proc/26242/schedstat
Lines: 1
411605849 93680043 79
Mode: 644
# ttar - - - - - - - - - - - - - - - - - - - - - - - - - - - - - - - - - - - -
Path: proc/26242/smaps
Lines: 252
00400000-00cb1000 r-xp 00000000 fd:01 952273                             /bin/alertmanager
Size:               8900 kB
KernelPageSize:        4 kB
MMUPageSize:           4 kB
Rss:                2952 kB
Pss:                2952 kB
Shared_Clean:          0 kB
Shared_Dirty:          0 kB
Private_Clean:      2952 kB
Private_Dirty:         0 kB
Referenced:         2864 kB
Anonymous:             0 kB
LazyFree:              0 kB
AnonHugePages:         0 kB
ShmemPmdMapped:        0 kB
Shared_Hugetlb:        0 kB
Private_Hugetlb:       0 kB
Swap:                  0 kB
SwapPss:               0 kB
Locked:                0 kB
VmFlags: rd ex mr mw me dw sd 
00cb1000-016b0000 r--p 008b1000 fd:01 952273                             /bin/alertmanager
Size:              10236 kB
KernelPageSize:        4 kB
MMUPageSize:           4 kB
Rss:                6152 kB
Pss:                6152 kB
Shared_Clean:          0 kB
Shared_Dirty:          0 kB
Private_Clean:      6152 kB
Private_Dirty:         0 kB
Referenced:         5308 kB
Anonymous:             0 kB
LazyFree:              0 kB
AnonHugePages:         0 kB
ShmemPmdMapped:        0 kB
Shared_Hugetlb:        0 kB
Private_Hugetlb:       0 kB
Swap:                  0 kB
SwapPss:               0 kB
Locked:                0 kB
VmFlags: rd mr mw me dw sd 
016b0000-0171a000 rw-p 012b0000 fd:01 952273                             /bin/alertmanager
Size:                424 kB
KernelPageSize:        4 kB
MMUPageSize:           4 kB
Rss:                 176 kB
Pss:                 176 kB
Shared_Clean:          0 kB
Shared_Dirty:          0 kB
Private_Clean:        84 kB
Private_Dirty:        92 kB
Referenced:          176 kB
Anonymous:            92 kB
LazyFree:              0 kB
AnonHugePages:         0 kB
ShmemPmdMapped:        0 kB
Shared_Hugetlb:        0 kB
Private_Hugetlb:       0 kB
Swap:                 12 kB
SwapPss:              12 kB
Locked:                0 kB
VmFlags: rd wr mr mw me dw ac sd 
0171a000-0173f000 rw-p 00000000 00:00 0 
Size:                148 kB
KernelPageSize:        4 kB
MMUPageSize:           4 kB
Rss:                  76 kB
Pss:                  76 kB
Shared_Clean:          0 kB
Shared_Dirty:          0 kB
Private_Clean:         0 kB
Private_Dirty:        76 kB
Referenced:           76 kB
Anonymous:            76 kB
LazyFree:              0 kB
AnonHugePages:         0 kB
ShmemPmdMapped:        0 kB
Shared_Hugetlb:        0 kB
Private_Hugetlb:       0 kB
Swap:                  0 kB
SwapPss:               0 kB
Locked:                0 kB
VmFlags: rd wr mr mw me ac sd 
c000000000-c000400000 rw-p 00000000 00:00 0 
Size:               4096 kB
KernelPageSize:        4 kB
MMUPageSize:           4 kB
Rss:                2564 kB
Pss:                2564 kB
Shared_Clean:          0 kB
Shared_Dirty:          0 kB
Private_Clean:        20 kB
Private_Dirty:      2544 kB
Referenced:         2544 kB
Anonymous:          2564 kB
LazyFree:              0 kB
AnonHugePages:         0 kB
ShmemPmdMapped:        0 kB
Shared_Hugetlb:        0 kB
Private_Hugetlb:       0 kB
Swap:               1100 kB
SwapPss:            1100 kB
Locked:                0 kB
VmFlags: rd wr mr mw me ac sd 
c000400000-c001600000 rw-p 00000000 00:00 0 
Size:              18432 kB
KernelPageSize:        4 kB
MMUPageSize:           4 kB
Rss:               16024 kB
Pss:               16024 kB
Shared_Clean:          0 kB
Shared_Dirty:          0 kB
Private_Clean:      5864 kB
Private_Dirty:     10160 kB
Referenced:        11944 kB
Anonymous:         16024 kB
LazyFree:           5848 kB
AnonHugePages:         0 kB
ShmemPmdMapped:        0 kB
Shared_Hugetlb:        0 kB
Private_Hugetlb:       0 kB
Swap:                440 kB
SwapPss:             440 kB
Locked:                0 kB
VmFlags: rd wr mr mw me ac sd nh 
c001600000-c004000000 rw-p 00000000 00:00 0 
Size:              43008 kB
KernelPageSize:        4 kB
MMUPageSize:           4 kB
Rss:                   0 kB
Pss:                   0 kB
Shared_Clean:          0 kB
Shared_Dirty:          0 kB
Private_Clean:         0 kB
Private_Dirty:         0 kB
Referenced:            0 kB
Anonymous:             0 kB
LazyFree:              0 kB
AnonHugePages:         0 kB
ShmemPmdMapped:        0 kB
Shared_Hugetlb:        0 kB
Private_Hugetlb:       0 kB
Swap:                  0 kB
SwapPss:               0 kB
Locked:                0 kB
VmFlags: rd wr mr mw me ac sd 
7f0ab95ca000-7f0abbb7b000 rw-p 00000000 00:00 0 
Size:              38596 kB
KernelPageSize:        4 kB
MMUPageSize:           4 kB
Rss:                1992 kB
Pss:                1992 kB
Shared_Clean:          0 kB
Shared_Dirty:          0 kB
Private_Clean:       476 kB
Private_Dirty:      1516 kB
Referenced:         1828 kB
Anonymous:          1992 kB
LazyFree:              0 kB
AnonHugePages:         0 kB
ShmemPmdMapped:        0 kB
Shared_Hugetlb:        0 kB
Private_Hugetlb:       0 kB
Swap:                384 kB
SwapPss:             384 kB
Locked:                0 kB
VmFlags: rd wr mr mw me ac sd 
7ffc07ecf000-7ffc07ef0000 rw-p 00000000 00:00 0                          [stack]
Size:                132 kB
KernelPageSize:        4 kB
MMUPageSize:           4 kB
Rss:                   8 kB
Pss:                   8 kB
Shared_Clean:          0 kB
Shared_Dirty:          0 kB
Private_Clean:         0 kB
Private_Dirty:         8 kB
Referenced:            8 kB
Anonymous:             8 kB
LazyFree:              0 kB
AnonHugePages:         0 kB
ShmemPmdMapped:        0 kB
Shared_Hugetlb:        0 kB
Private_Hugetlb:       0 kB
Swap:                  4 kB
SwapPss:               4 kB
Locked:                0 kB
VmFlags: rd wr mr mw me gd ac 
7ffc07f9e000-7ffc07fa1000 r--p 00000000 00:00 0                          [vvar]
Size:                 12 kB
KernelPageSize:        4 kB
MMUPageSize:           4 kB
Rss:                   0 kB
Pss:                   0 kB
Shared_Clean:          0 kB
Shared_Dirty:          0 kB
Private_Clean:         0 kB
Private_Dirty:         0 kB
Referenced:            0 kB
Anonymous:             0 kB
LazyFree:              0 kB
AnonHugePages:         0 kB
ShmemPmdMapped:        0 kB
Shared_Hugetlb:        0 kB
Private_Hugetlb:       0 kB
Swap:                  0 kB
SwapPss:               0 kB
Locked:                0 kB
VmFlags: rd mr pf io de dd sd 
7ffc07fa1000-7ffc07fa3000 r-xp 00000000 00:00 0                          [vdso]
Size:                  8 kB
KernelPageSize:        4 kB
MMUPageSize:           4 kB
Rss:                   4 kB
Pss:                   0 kB
Shared_Clean:          4 kB
Shared_Dirty:          0 kB
Private_Clean:         0 kB
Private_Dirty:         0 kB
Referenced:            4 kB
Anonymous:             0 kB
LazyFree:              0 kB
AnonHugePages:         0 kB
ShmemPmdMapped:        0 kB
Shared_Hugetlb:        0 kB
Private_Hugetlb:       0 kB
Swap:                  0 kB
SwapPss:               0 kB
Locked:                0 kB
VmFlags: rd ex mr mw me de sd 
ffffffffff600000-ffffffffff601000 r-xp 00000000 00:00 0                  [vsyscall]
Size:                  4 kB
KernelPageSize:        4 kB
MMUPageSize:           4 kB
Rss:                   0 kB
Pss:                   0 kB
Shared_Clean:          0 kB
Shared_Dirty:          0 kB
Private_Clean:         0 kB
Private_Dirty:         0 kB
Referenced:            0 kB
Anonymous:             0 kB
LazyFree:              0 kB
AnonHugePages:         0 kB
ShmemPmdMapped:        0 kB
Shared_Hugetlb:        0 kB
Private_Hugetlb:       0 kB
Swap:                  0 kB
SwapPss:               0 kB
Locked:                0 kB
VmFlags: rd ex 
Mode: 644
# ttar - - - - - - - - - - - - - - - - - - - - - - - - - - - - - - - - - - - -
Path: proc/26242/smaps_rollup
Lines: 17
00400000-ffffffffff601000 ---p 00000000 00:00 0                          [rollup]
Rss:               29948 kB
Pss:               29944 kB
Shared_Clean:          4 kB
Shared_Dirty:          0 kB
Private_Clean:     15548 kB
Private_Dirty:     14396 kB
Referenced:        24752 kB
Anonymous:         20756 kB
LazyFree:           5848 kB
AnonHugePages:         0 kB
ShmemPmdMapped:        0 kB
Shared_Hugetlb:        0 kB
Private_Hugetlb:       0 kB
Swap:               1940 kB
SwapPss:            1940 kB
Locked:                0 kB
Mode: 644
# ttar - - - - - - - - - - - - - - - - - - - - - - - - - - - - - - - - - - - -
Path: proc/26242/stat
Lines: 1
26231 (vim) R 5392 7446 5392 34835 7446 4218880 32533 309516 26 82 1677 44 158 99 20 0 1 0 82375 56274944 1981 18446744073709551615 4194304 6294284 140736914091744 140736914087944 139965136429984 0 0 12288 1870679807 0 0 0 17 0 0 0 31 0 0 8391624 8481048 16420864 140736914093252 140736914093279 140736914093279 140736914096107 0
Mode: 644
# ttar - - - - - - - - - - - - - - - - - - - - - - - - - - - - - - - - - - - -
Path: proc/26242/status
Lines: 53

Name:	prometheus
Umask:	0022
State:	S (sleeping)
Tgid:	26231
Ngid:	0
Pid:	26231
PPid:	1
TracerPid:	0
Uid:	1000	1000	1000	0
Gid:	1001	1001	1001	0
FDSize:	128
Groups:
NStgid:	1
NSpid:	1
NSpgid:	1
NSsid:	1
VmPeak:	   58472 kB
VmSize:	   58440 kB
VmLck:	       0 kB
VmPin:	       0 kB
VmHWM:	    8028 kB
VmRSS:	    6716 kB
RssAnon:	    2092 kB
RssFile:	    4624 kB
RssShmem:	       0 kB
VmData:	    2580 kB
VmStk:	     136 kB
VmExe:	     948 kB
VmLib:	    6816 kB
VmPTE:	     128 kB
VmPMD:	      12 kB
VmSwap:	     660 kB
HugetlbPages:	       0 kB
Threads:	1
SigQ:	8/63965
SigPnd:	0000000000000000
ShdPnd:	0000000000000000
SigBlk:	7be3c0fe28014a03
SigIgn:	0000000000001000
SigCgt:	00000001800004ec
CapInh:	0000000000000000
CapPrm:	0000003fffffffff
CapEff:	0000003fffffffff
CapBnd:	0000003fffffffff
CapAmb:	0000000000000000
Seccomp:	0
Cpus_allowed:	ff
Cpus_allowed_list:	0-7
Mems_allowed:	00000000,00000001
Mems_allowed_list:	0
voluntary_ctxt_switches:	4742839
nonvoluntary_ctxt_switches:	1727500
Mode: 644
# ttar - - - - - - - - - - - - - - - - - - - - - - - - - - - - - - - - - - - -
Path: proc/26242/wchan
Lines: 1
poll_schedule_timeoutEOF
Mode: 664
# ttar - - - - - - - - - - - - - - - - - - - - - - - - - - - - - - - - - - - -
Directory: proc/27079
Mode: 775
# ttar - - - - - - - - - - - - - - - - - - - - - - - - - - - - - - - - - - - -
Path: proc/27079/stat
Lines: 1
27079 (pthread_load) S 1 27079 1 34816 27079 4194304 113 0 1 0 58125 15 0 0 20 0 5 0 4289574 36282368 138 18446744073709551615 94441498279936 94441498282741 140736878632528 0 0 0 0 0 0 0 0 0 17 2 0 0 0 0 0 94441498291504 94441498292248 94441510707200 140736878639434 140736878639460 140736878639460 140736878641129 0
Mode: 644
# ttar - - - - - - - - - - - - - - - - - - - - - - - - - - - - - - - - - - - -
Directory: proc/27079/task
Mode: 775
# ttar - - - - - - - - - - - - - - - - - - - - - - - - - - - - - - - - - - - -
Directory: proc/27079/task/27079
Mode: 775
# ttar - - - - - - - - - - - - - - - - - - - - - - - - - - - - - - - - - - - -
Path: proc/27079/task/27079/stat
Lines: 1
27079 (pthread_load) S 1 27079 1 34816 27079 4194304 97 0 1 0 0 0 0 0 20 0 5 0 4289574 36282368 138 18446744073709551615 94441498279936 94441498282741 140736878632528 0 0 0 0 0 0 0 0 0 17 2 0 0 0 0 0 94441498291504 94441498292248 94441510707200 140736878639434 140736878639460 140736878639460 140736878641129 0
Mode: 644
# ttar - - - - - - - - - - - - - - - - - - - - - - - - - - - - - - - - - - - -
Directory: proc/27079/task/27080
Mode: 775
# ttar - - - - - - - - - - - - - - - - - - - - - - - - - - - - - - - - - - - -
Path: proc/27079/task/27080/stat
Lines: 1
27080 (pthread_load) R 1 27079 1 34816 27079 4194368 7 0 0 0 34136 3 0 0 20 0 5 0 4289575 36282368 138 18446744073709551615 94441498279936 94441498282741 140736878632528 0 0 0 0 0 0 0 0 0 -1 0 0 0 0 0 0 94441498291504 94441498292248 94441510707200 140736878639434 140736878639460 140736878639460 140736878641129 0
Mode: 644
# ttar - - - - - - - - - - - - - - - - - - - - - - - - - - - - - - - - - - - -
Directory: proc/27079/task/27081
Mode: 775
# ttar - - - - - - - - - - - - - - - - - - - - - - - - - - - - - - - - - - - -
Path: proc/27079/task/27081/stat
Lines: 1
27081 (pthread_load) S 1 27079 1 34816 27079 1077936192 3 0 0 0 13680 4 0 0 20 0 5 0 4289575 36282368 138 18446744073709551615 94441498279936 94441498282741 140736878632528 0 0 0 0 0 0 0 0 0 -1 5 0 0 0 0 0 94441498291504 94441498292248 94441510707200 140736878639434 140736878639460 140736878639460 140736878641129 0
Mode: 644
# ttar - - - - - - - - - - - - - - - - - - - - - - - - - - - - - - - - - - - -
Directory: proc/27079/task/27082
Mode: 775
# ttar - - - - - - - - - - - - - - - - - - - - - - - - - - - - - - - - - - - -
Path: proc/27079/task/27082/stat
Lines: 1
27082 (pthread_load) S 1 27079 1 34816 27079 1077936192 3 0 0 0 6859 3 0 0 20 0 5 0 4289575 36282368 138 18446744073709551615 94441498279936 94441498282741 140736878632528 0 0 0 0 0 0 0 0 0 -1 1 0 0 0 0 0 94441498291504 94441498292248 94441510707200 140736878639434 140736878639460 140736878639460 140736878641129 0
Mode: 644
# ttar - - - - - - - - - - - - - - - - - - - - - - - - - - - - - - - - - - - -
Directory: proc/27079/task/27083
Mode: 775
# ttar - - - - - - - - - - - - - - - - - - - - - - - - - - - - - - - - - - - -
Path: proc/27079/task/27083/stat
Lines: 1
27083 (pthread_load) S 1 27079 1 34816 27079 1077936192 3 0 0 0 3452 4 0 0 20 0 5 0 4289575 36282368 138 18446744073709551615 94441498279936 94441498282741 140736878632528 0 0 0 0 0 0 0 0 0 -1 4 0 0 0 0 0 94441498291504 94441498292248 94441510707200 140736878639434 140736878639460 140736878639460 140736878641129 0
Mode: 644
# ttar - - - - - - - - - - - - - - - - - - - - - - - - - - - - - - - - - - - -
Directory: proc/3346567
Mode: 775
# ttar - - - - - - - - - - - - - - - - - - - - - - - - - - - - - - - - - - - -
Path: proc/3346567/cmdline
Lines: 1
vimNULLBYTEtest.goNULLBYTE+10NULLBYTEEOF
Mode: 644
# ttar - - - - - - - - - - - - - - - - - - - - - - - - - - - - - - - - - - - -
Path: proc/3346567/comm
Lines: 1
vim
Mode: 644
# ttar - - - - - - - - - - - - - - - - - - - - - - - - - - - - - - - - - - - -
Path: proc/3346567/cwd
SymlinkTo: /usr/bin
# ttar - - - - - - - - - - - - - - - - - - - - - - - - - - - - - - - - - - - -
Path: proc/3346567/environ
Lines: 1
PATH=/go/bin:/usr/local/go/bin:/usr/local/sbin:/usr/local/bin:/usr/sbin:/usr/bin:/sbin:/binNULLBYTEHOSTNAME=cd24e11f73a5NULLBYTETERM=xtermNULLBYTEGOLANG_VERSION=1.12.5NULLBYTEGOPATH=/goNULLBYTEHOME=/rootNULLBYTESLURM_JOB_UID=1000NULLBYTESLURM_JOB_ID=1009248NULLBYTESLURM_JOB_ACCOUNT=testaccNULLBYTESLURM_JOB_NODELIST=compute-[0-2]NULLBYTESLURM_JOB_GPUS=2,3NULLBYTESLURM_JOB_USER=testusrNULLBYTESLURM_STEP_GPUS=1,4NULLBYTE
Mode: 644
# ttar - - - - - - - - - - - - - - - - - - - - - - - - - - - - - - - - - - - -
Path: proc/3346567/exe
SymlinkTo: /usr/bin/vim
# ttar - - - - - - - - - - - - - - - - - - - - - - - - - - - - - - - - - - - -
Directory: proc/3346567/fd
Mode: 775
# ttar - - - - - - - - - - - - - - - - - - - - - - - - - - - - - - - - - - - -
Path: proc/3346567/fd/0
SymlinkTo: ../../symlinktargets/abc
# ttar - - - - - - - - - - - - - - - - - - - - - - - - - - - - - - - - - - - -
Path: proc/3346567/fd/1
SymlinkTo: ../../symlinktargets/def
# ttar - - - - - - - - - - - - - - - - - - - - - - - - - - - - - - - - - - - -
Path: proc/3346567/fd/10
SymlinkTo: ../../symlinktargets/xyz
# ttar - - - - - - - - - - - - - - - - - - - - - - - - - - - - - - - - - - - -
Path: proc/3346567/fd/2
SymlinkTo: ../../symlinktargets/ghi
# ttar - - - - - - - - - - - - - - - - - - - - - - - - - - - - - - - - - - - -
Path: proc/3346567/fd/3
SymlinkTo: ../../symlinktargets/uvw
# ttar - - - - - - - - - - - - - - - - - - - - - - - - - - - - - - - - - - - -
Directory: proc/3346567/fdinfo
Mode: 775
# ttar - - - - - - - - - - - - - - - - - - - - - - - - - - - - - - - - - - - -
Path: proc/3346567/fdinfo/0
Lines: 6
pos:	0
flags:	02004000
mnt_id:	13
inotify wd:3 ino:1 sdev:34 mask:fce ignored_mask:0 fhandle-bytes:c fhandle-type:81 f_handle:000000000100000000000000
inotify wd:2 ino:1300016 sdev:fd00002 mask:fce ignored_mask:0 fhandle-bytes:8 fhandle-type:1 f_handle:16003001ed3f022a
inotify wd:1 ino:2e0001 sdev:fd00000 mask:fce ignored_mask:0 fhandle-bytes:8 fhandle-type:1 f_handle:01002e00138e7c65
Mode: 644
# ttar - - - - - - - - - - - - - - - - - - - - - - - - - - - - - - - - - - - -
Path: proc/3346567/fdinfo/1
Lines: 4
pos:	0
flags:	02004002
mnt_id:	13
eventfd-count:                0
Mode: 644
# ttar - - - - - - - - - - - - - - - - - - - - - - - - - - - - - - - - - - - -
Path: proc/3346567/fdinfo/10
Lines: 3
pos:	0
flags:	02004002
mnt_id:	9
Mode: 400
# ttar - - - - - - - - - - - - - - - - - - - - - - - - - - - - - - - - - - - -
Path: proc/3346567/fdinfo/2
Lines: 3
pos:	0
flags:	02004002
mnt_id:	9
Mode: 400
# ttar - - - - - - - - - - - - - - - - - - - - - - - - - - - - - - - - - - - -
Path: proc/3346567/fdinfo/3
Lines: 3
pos:	0
flags:	02004002
mnt_id:	9
Mode: 400
# ttar - - - - - - - - - - - - - - - - - - - - - - - - - - - - - - - - - - - -
